INFO  Using log config file: jar:file:/C:/ghidra_12.1.4_PUBLIC_20260921/ghidra_12.1.4_PUBLIC/Ghidra/Framework/Generic/lib/Generic.jar!/generic.log4j.xml (LoggingInitialization)  
INFO  Using log file: C:\Users\chess\AppData\Roaming\ghidra\ghidra_12.1.4_PUBLIC\application.log (LoggingInitialization)  
INFO  Loading user preferences: C:\Users\chess\AppData\Roaming\ghidra\ghidra_12.1.4_PUBLIC\preferences (Preferences)  
INFO  Searching for classes... (ClassSearcher)  
INFO  Class search complete (2792 ms) (ClassSearcher)  
INFO  Initializing SSL Context (DefaultSSLContextInitializer)  
INFO  Initializing Random Number Generator... (SecureRandomFactory)  
INFO  Random Number Generator initialization complete: SHA1PRNG (SecureRandomFactory)  
INFO  Trust manager disabled, cacerts have not been set (DefaultTrustManagerFactory)  
INFO  Headless startup complete (16071 ms) (AnalyzeHeadless)  
INFO  Class searcher loaded 59 extension points (20 false positives) (ClassSearcher)  
WARN  REPORT: Could not find -scriptPath entry, skipping: C:\Users\chess\OneDrive\Escritorio\DesarrolloWeb\Bob Final\codearcheologist\dist\modules\ghidra\scripts (HeadlessAnalyzer)  
INFO  HEADLESS Script Paths:
    C:\ghidra_12.1.4_PUBLIC_20260921\ghidra_12.1.4_PUBLIC\Ghidra\Features\BSim\ghidra_scripts
    C:\ghidra_12.1.4_PUBLIC_20260921\ghidra_12.1.4_PUBLIC\Ghidra\Debug\Debugger\ghidra_scripts
    C:\ghidra_12.1.4_PUBLIC_20260921\ghidra_12.1.4_PUBLIC\Ghidra\Processors\8051\ghidra_scripts
    C:\ghidra_12.1.4_PUBLIC_20260921\ghidra_12.1.4_PUBLIC\Ghidra\Processors\Atmel\ghidra_scripts
    C:\ghidra_12.1.4_PUBLIC_20260921\ghidra_12.1.4_PUBLIC\Ghidra\Features\DecompilerDependent\ghidra_scripts
    C:\ghidra_12.1.4_PUBLIC_20260921\ghidra_12.1.4_PUBLIC\Ghidra\Features\PyGhidra\ghidra_scripts
    C:\ghidra_12.1.4_PUBLIC_20260921\ghidra_12.1.4_PUBLIC\Ghidra\Processors\DATA\ghidra_scripts
    C:\ghidra_12.1.4_PUBLIC_20260921\ghidra_12.1.4_PUBLIC\Ghidra\Features\Base\ghidra_scripts
    C:\ghidra_12.1.4_PUBLIC_20260921\ghidra_12.1.4_PUBLIC\Ghidra\Features\MicrosoftCodeAnalyzer\ghidra_scripts
    C:\ghidra_12.1.4_PUBLIC_20260921\ghidra_12.1.4_PUBLIC\Ghidra\Features\FunctionID\ghidra_scripts
    C:\ghidra_12.1.4_PUBLIC_20260921\ghidra_12.1.4_PUBLIC\Ghidra\Processors\PIC\ghidra_scripts
    C:\ghidra_12.1.4_PUBLIC_20260921\ghidra_12.1.4_PUBLIC\Ghidra\Features\GnuDemangler\ghidra_scripts
    C:\ghidra_12.1.4_PUBLIC_20260921\ghidra_12.1.4_PUBLIC\Ghidra\Features\SwiftDemangler\ghidra_scripts
    C:\ghidra_12.1.4_PUBLIC_20260921\ghidra_12.1.4_PUBLIC\Ghidra\Features\VersionTracking\ghidra_scripts
    C:\ghidra_12.1.4_PUBLIC_20260921\ghidra_12.1.4_PUBLIC\Ghidra\Debug\Debugger-rmi-trace\ghidra_scripts
    C:\ghidra_12.1.4_PUBLIC_20260921\ghidra_12.1.4_PUBLIC\Ghidra\Features\FileFormats\ghidra_scripts
    C:\ghidra_12.1.4_PUBLIC_20260921\ghidra_12.1.4_PUBLIC\Ghidra\Features\WildcardAssembler\ghidra_scripts
    C:\ghidra_12.1.4_PUBLIC_20260921\ghidra_12.1.4_PUBLIC\Ghidra\Features\BytePatterns\ghidra_scripts
    C:\ghidra_12.1.4_PUBLIC_20260921\ghidra_12.1.4_PUBLIC\Ghidra\Features\Decompiler\ghidra_scripts
    C:\ghidra_12.1.4_PUBLIC_20260921\ghidra_12.1.4_PUBLIC\Ghidra\Features\PDB\ghidra_scripts
    C:\ghidra_12.1.4_PUBLIC_20260921\ghidra_12.1.4_PUBLIC\Ghidra\Processors\JVM\ghidra_scripts
    C:\ghidra_12.1.4_PUBLIC_20260921\ghidra_12.1.4_PUBLIC\Ghidra\Features\SystemEmulation\ghidra_scripts (HeadlessAnalyzer)  
ERROR REPORT SCRIPT ERROR: CodeArchaeologistScript.java : Script not found: CodeArchaeologistScript.java (HeadlessAnalyzer)  
ERROR Abort due to Headless analyzer error: Invalid script: CodeArchaeologistScript.java (HeadlessAnalyzer) java.lang.IllegalArgumentException: Invalid script: CodeArchaeologistScript.java
	at ghidra.app.util.headless.HeadlessAnalyzer.checkScript(HeadlessAnalyzer.java:799)
	at ghidra.app.util.headless.HeadlessAnalyzer.checkScriptsList(HeadlessAnalyzer.java:812)
	at ghidra.app.util.headless.HeadlessAnalyzer.compileScripts(HeadlessAnalyzer.java:846)
	at ghidra.app.util.headless.HeadlessAnalyzer.processLocal(HeadlessAnalyzer.java:415)
	at ghidra.app.util.headless.AnalyzeHeadless.launch(AnalyzeHeadless.java:199)
	at ghidra.GhidraLauncher.launch(GhidraLauncher.java:81)
	at ghidra.Ghidra.main(Ghidra.java:54)
 
Presione una tecla para continuar . . . 
