INFO  Using log config file: jar:file:/C:/ghidra_12.1.4_PUBLIC_20260921/ghidra_12.1.4_PUBLIC/Ghidra/Framework/Generic/lib/Generic.jar!/generic.log4j.xml (LoggingInitialization)  
INFO  Using log file: C:\Users\chess\AppData\Roaming\ghidra\ghidra_12.1.4_PUBLIC\application.log (LoggingInitialization)  
INFO  Loading user preferences: C:\Users\chess\AppData\Roaming\ghidra\ghidra_12.1.4_PUBLIC\preferences (Preferences)  
INFO  Searching for classes... (ClassSearcher)  
INFO  Class search complete (1271 ms) (ClassSearcher)  
INFO  Initializing SSL Context (DefaultSSLContextInitializer)  
INFO  Initializing Random Number Generator... (SecureRandomFactory)  
INFO  Random Number Generator initialization complete: SHA1PRNG (SecureRandomFactory)  
INFO  Trust manager disabled, cacerts have not been set (DefaultTrustManagerFactory)  
INFO  Headless startup complete (3725 ms) (AnalyzeHeadless)  
INFO  Class searcher loaded 59 extension points (20 false positives) (ClassSearcher)  
INFO  HEADLESS Script Paths:
    C:\ghidra_12.1.4_PUBLIC_20260921\ghidra_12.1.4_PUBLIC\Ghidra\Features\BSim\ghidra_scripts
    C:\ghidra_12.1.4_PUBLIC_20260921\ghidra_12.1.4_PUBLIC\Ghidra\Debug\Debugger\ghidra_scripts
    C:\ghidra_12.1.4_PUBLIC_20260921\ghidra_12.1.4_PUBLIC\Ghidra\Processors\8051\ghidra_scripts
    C:\ghidra_12.1.4_PUBLIC_20260921\ghidra_12.1.4_PUBLIC\Ghidra\Processors\Atmel\ghidra_scripts
    C:\ghidra_12.1.4_PUBLIC_20260921\ghidra_12.1.4_PUBLIC\Ghidra\Features\DecompilerDependent\ghidra_scripts
    C:\ghidra_12.1.4_PUBLIC_20260921\ghidra_12.1.4_PUBLIC\Ghidra\Features\PyGhidra\ghidra_scripts
    C:\ghidra_12.1.4_PUBLIC_20260921\ghidra_12.1.4_PUBLIC\Ghidra\Processors\DATA\ghidra_scripts
    C:\ghidra_12.1.4_PUBLIC_20260921\ghidra_12.1.4_PUBLIC\Ghidra\Features\Base\ghidra_scripts
    C:\ghidra_12.1.4_PUBLIC_20260921\ghidra_12.1.4_PUBLIC\Ghidra\Features\MicrosoftCodeAnalyzer\ghidra_scripts
    C:\ghidra_12.1.4_PUBLIC_20260921\ghidra_12.1.4_PUBLIC\Ghidra\Features\FunctionID\ghidra_scripts
    C:\ghidra_12.1.4_PUBLIC_20260921\ghidra_12.1.4_PUBLIC\Ghidra\Processors\PIC\ghidra_scripts
    C:\ghidra_12.1.4_PUBLIC_20260921\ghidra_12.1.4_PUBLIC\Ghidra\Features\GnuDemangler\ghidra_scripts
    C:\ghidra_12.1.4_PUBLIC_20260921\ghidra_12.1.4_PUBLIC\Ghidra\Features\SwiftDemangler\ghidra_scripts
    C:\ghidra_12.1.4_PUBLIC_20260921\ghidra_12.1.4_PUBLIC\Ghidra\Features\VersionTracking\ghidra_scripts
    C:\ghidra_12.1.4_PUBLIC_20260921\ghidra_12.1.4_PUBLIC\Ghidra\Debug\Debugger-rmi-trace\ghidra_scripts
    C:\Users\chess\OneDrive\Escritorio\DesarrolloWeb\Bob Final\codearcheologist\dist\modules\ghidra\scripts
    C:\ghidra_12.1.4_PUBLIC_20260921\ghidra_12.1.4_PUBLIC\Ghidra\Features\FileFormats\ghidra_scripts
    C:\ghidra_12.1.4_PUBLIC_20260921\ghidra_12.1.4_PUBLIC\Ghidra\Features\WildcardAssembler\ghidra_scripts
    C:\ghidra_12.1.4_PUBLIC_20260921\ghidra_12.1.4_PUBLIC\Ghidra\Features\BytePatterns\ghidra_scripts
    C:\ghidra_12.1.4_PUBLIC_20260921\ghidra_12.1.4_PUBLIC\Ghidra\Features\Decompiler\ghidra_scripts
    C:\ghidra_12.1.4_PUBLIC_20260921\ghidra_12.1.4_PUBLIC\Ghidra\Features\PDB\ghidra_scripts
    C:\ghidra_12.1.4_PUBLIC_20260921\ghidra_12.1.4_PUBLIC\Ghidra\Processors\JVM\ghidra_scripts
    C:\ghidra_12.1.4_PUBLIC_20260921\ghidra_12.1.4_PUBLIC\Ghidra\Features\SystemEmulation\ghidra_scripts (HeadlessAnalyzer)  
INFO  HEADLESS: execution starts (HeadlessAnalyzer)  
INFO  Creating temporary project: C:\Users\chess\OneDrive\Escritorio\DesarrolloWeb\Bob Final\codearcheologist\work\24b698c8-d82b-4878-8920-3a85f7f9c194\ghidra-project\24b698c8-d82b-4878-8920-3a85f7f9c194 (HeadlessAnalyzer)  
INFO  Creating project: C:\Users\chess\OneDrive\Escritorio\DesarrolloWeb\Bob Final\codearcheologist\work\24b698c8-d82b-4878-8920-3a85f7f9c194\ghidra-project\24b698c8-d82b-4878-8920-3a85f7f9c194 (DefaultProject)  
INFO  REPORT: Processing input files:  (HeadlessAnalyzer)  
INFO       project: C:\Users\chess\OneDrive\Escritorio\DesarrolloWeb\Bob Final\codearcheologist\work\24b698c8-d82b-4878-8920-3a85f7f9c194\ghidra-project\24b698c8-d82b-4878-8920-3a85f7f9c194 (HeadlessAnalyzer)  
INFO  IMPORTING: file:///C:/Users/chess/OneDrive/Escritorio/DesarrolloWeb/Bob Final/codearcheologist/work/24b698c8-d82b-4878-8920-3a85f7f9c194/input/binary.exe (HeadlessAnalyzer)  
INFO  Using Loader: Portable Executable (PE) (ProgramLoader)  
INFO  Using Language/Compiler: x86:LE:64:default:windows (ProgramLoader)  
INFO  Using Library Search Path: [., C:\WINDOWS\SysWOW64, C:\Users\chess\AppData\Local\Programs\Eclipse Adoptium\jdk-21.0.12.1+1\bin, C:\WINDOWS\Sun\Java\bin, C:\WINDOWS\system32, C:\WINDOWS, C:\Users\chess\OneDrive\Escritorio\DesarrolloWeb\Bob Final\codearcheologist\node_modules\.bin, C:\Users\chess\OneDrive\Escritorio\DesarrolloWeb\Bob Final\node_modules\.bin, C:\Users\chess\OneDrive\Escritorio\DesarrolloWeb\node_modules\.bin, C:\Users\chess\OneDrive\Escritorio\node_modules\.bin, C:\Users\chess\OneDrive\node_modules\.bin, C:\Users\chess\node_modules\.bin, C:\Users\node_modules\.bin, C:\node_modules\.bin, C:\Users\chess\AppData\Roaming\npm\node_modules\npm\node_modules\@npmcli\run-script\lib\node-gyp-bin, C:\Program Files (x86)\Common Files\Oracle\Java\java8path, C:\Program Files (x86)\Common Files\Oracle\Java\javapath, C:\WINDOWS\System32\Wbem, C:\WINDOWS\System32\WindowsPowerShell\v1.0\, C:\WINDOWS\System32\OpenSSH\, C:\Program Files\Microsoft SQL Server\150\Tools\Binn\, C:\Program Files\Microsoft SQL Server\Client SDK\ODBC\170\Tools\Binn\, C:\Program Files\dotnet\, C:\MinGW\bin, C:\Program Files\php-8.4.6-Win32-vs17-x64, C:\Program Files\Microsoft VS Code\bin, C:\ProgramData\ComposerSetup\bin, C:\Program Files (x86)\Microsoft SQL Server\160\Tools\Binn\, C:\Program Files\Microsoft SQL Server\160\Tools\Binn\, C:\Program Files\Microsoft SQL Server\160\DTS\Binn\, C:\Users\chess\AppData\Local\nvm, C:\nvm4w\nodejs, C:\Program Files\GitHub CLI\, C:\Program Files\Microsoft SQL Server\170\Tools\Binn\, C:\ghidra_12.1.4_PUBLIC_20260921\ghidra_12.1.4_PUBLIC, C:\ghidra_12.1.4_PUBLIC_20260921\ghidra_12.1.4_PUBLIC\support, C:\Users\chess\.local\bin, C:\Users\chess\AppData\Local\Programs\Python\Python311\Scripts, C:\Users\chess\AppData\Local\Programs\Python\Python311, C:\Users\chess\AppData\Local\Programs\Python\Launcher, C:\Users\chess\AppData\Local\Microsoft\WindowsApps, C:\Users\chess\.dotnet\tools, C:\Users\chess\AppData\Local\Programs\Microsoft VS Code\bin, C:\Program Files\JetBrains\IntelliJ IDEA 2024.2.3\bin, C:\Program Files\JetBrains\PhpStorm 2024.2.3\bin, C:\Users\chess\AppData\Roaming\Composer\vendor\bin, C:\rtools45, C:\Program Files\JetBrains\DataGrip 2025.1\bin, C:\Users\chess\AppData\Roaming\npm, C:\Users\chess\AppData\Local\Muse Hub\lib, C:\Users\chess\AppData\Local\Programs\Antigravity IDE\bin, C:\Users\chess\AppData\Local\Programs\IBM Bob\bin, C:\trivy_0.74.0_windows-64bit] (ProgramLoader)  
INFO  TLS callbacks at 1400e5e18 (TLSDirectory)  
INFO  Additional info:
Loading file:///C:/Users/chess/OneDrive/Escritorio/DesarrolloWeb/Bob Final/codearcheologist/work/24b698c8-d82b-4878-8920-3a85f7f9c194/input/binary.exe?MD5=251e7f6e67153ec3eceef1f15fcc77f6...
------------------------------------------------

Searching 39 paths for library API-MS-WIN-CRT-CONVERT-L1-1-0.DLL...
Loading file:///C:/Users/chess/AppData/Local/Programs/Eclipse Adoptium/jdk-21.0.12.1+1/bin/api-ms-win-crt-convert-l1-1-0.dll?MD5=3560176d0cdbe2f5d33f543348e0a027...
Using existing exports file: C:\Users\chess\AppData\Roaming\ghidra\ghidra_12.1.4_PUBLIC\symbols\win64\api-ms-win-crt-convert-l1-1-0.exports
Library not saved to project.
------------------------------------------------

Searching 39 paths for library API-MS-WIN-CRT-ENVIRONMENT-L1-1-0.DLL...
Loading file:///C:/Users/chess/AppData/Local/Programs/Eclipse Adoptium/jdk-21.0.12.1+1/bin/api-ms-win-crt-environment-l1-1-0.dll?MD5=e93c7f013493b12ad40229b19db02ce6...
Using existing exports file: C:\Users\chess\AppData\Roaming\ghidra\ghidra_12.1.4_PUBLIC\symbols\win64\api-ms-win-crt-environment-l1-1-0.exports
Library not saved to project.
------------------------------------------------

Searching 39 paths for library API-MS-WIN-CRT-FILESYSTEM-L1-1-0.DLL...
Loading file:///C:/Users/chess/AppData/Local/Programs/Eclipse Adoptium/jdk-21.0.12.1+1/bin/api-ms-win-crt-filesystem-l1-1-0.dll?MD5=47555752931cecf90e796499b62ec729...
Using existing exports file: C:\Users\chess\AppData\Roaming\ghidra\ghidra_12.1.4_PUBLIC\symbols\win64\api-ms-win-crt-filesystem-l1-1-0.exports
Library not saved to project.
------------------------------------------------

Searching 39 paths for library API-MS-WIN-CRT-HEAP-L1-1-0.DLL...
Loading file:///C:/Users/chess/AppData/Local/Programs/Eclipse Adoptium/jdk-21.0.12.1+1/bin/api-ms-win-crt-heap-l1-1-0.dll?MD5=527bbbfded529ea77ee798d94ce0f243...
Using existing exports file: C:\Users\chess\AppData\Roaming\ghidra\ghidra_12.1.4_PUBLIC\symbols\win64\api-ms-win-crt-heap-l1-1-0.exports
Library not saved to project.
------------------------------------------------

Searching 39 paths for library API-MS-WIN-CRT-LOCALE-L1-1-0.DLL...
Loading file:///C:/Users/chess/AppData/Local/Programs/Eclipse Adoptium/jdk-21.0.12.1+1/bin/api-ms-win-crt-locale-l1-1-0.dll?MD5=09796dab12cbbd920f632aeb89820193...
Using existing exports file: C:\Users\chess\AppData\Roaming\ghidra\ghidra_12.1.4_PUBLIC\symbols\win64\api-ms-win-crt-locale-l1-1-0.exports
Library not saved to project.
------------------------------------------------

Searching 39 paths for library API-MS-WIN-CRT-MATH-L1-1-0.DLL...
Loading file:///C:/Users/chess/AppData/Local/Programs/Eclipse Adoptium/jdk-21.0.12.1+1/bin/api-ms-win-crt-math-l1-1-0.dll?MD5=aa9624cb27cc50a3fbbd3b223a617b1c...
Using existing exports file: C:\Users\chess\AppData\Roaming\ghidra\ghidra_12.1.4_PUBLIC\symbols\win64\api-ms-win-crt-math-l1-1-0.exports
Library not saved to project.
------------------------------------------------

Searching 39 paths for library API-MS-WIN-CRT-PRIVATE-L1-1-0.DLL...
Loading file:///C:/Users/chess/AppData/Local/Programs/Eclipse Adoptium/jdk-21.0.12.1+1/bin/api-ms-win-crt-private-l1-1-0.dll?MD5=c830c6447e6de3d6a611702c591831e3...
Using existing exports file: C:\Users\chess\AppData\Roaming\ghidra\ghidra_12.1.4_PUBLIC\symbols\win64\api-ms-win-crt-private-l1-1-0.exports
Library not saved to project.
------------------------------------------------

Searching 39 paths for library API-MS-WIN-CRT-RUNTIME-L1-1-0.DLL...
Loading file:///C:/Users/chess/AppData/Local/Programs/Eclipse Adoptium/jdk-21.0.12.1+1/bin/api-ms-win-crt-runtime-l1-1-0.dll?MD5=bbaa58e9e1abdf7d8c4c69652d29d789...
Using existing exports file: C:\Users\chess\AppData\Roaming\ghidra\ghidra_12.1.4_PUBLIC\symbols\win64\api-ms-win-crt-runtime-l1-1-0.exports
Library not saved to project.
------------------------------------------------

Searching 39 paths for library API-MS-WIN-CRT-STDIO-L1-1-0.DLL...
Loading file:///C:/Users/chess/AppData/Local/Programs/Eclipse Adoptium/jdk-21.0.12.1+1/bin/api-ms-win-crt-stdio-l1-1-0.dll?MD5=ef37235fc43157a4c93241d5e49e304b...
Using existing exports file: C:\Users\chess\AppData\Roaming\ghidra\ghidra_12.1.4_PUBLIC\symbols\win64\api-ms-win-crt-stdio-l1-1-0.exports
Library not saved to project.
------------------------------------------------

Searching 39 paths for library API-MS-WIN-CRT-STRING-L1-1-0.DLL...
Loading file:///C:/Users/chess/AppData/Local/Programs/Eclipse Adoptium/jdk-21.0.12.1+1/bin/api-ms-win-crt-string-l1-1-0.dll?MD5=639b1fb35cb61ba633eb1791b750631f...
Using existing exports file: C:\Users\chess\AppData\Roaming\ghidra\ghidra_12.1.4_PUBLIC\symbols\win64\api-ms-win-crt-string-l1-1-0.exports
Library not saved to project.
------------------------------------------------

Searching 39 paths for library API-MS-WIN-CRT-TIME-L1-1-0.DLL...
Loading file:///C:/Users/chess/AppData/Local/Programs/Eclipse Adoptium/jdk-21.0.12.1+1/bin/api-ms-win-crt-time-l1-1-0.dll?MD5=fccce207a34c947f01d3f23a7dd09569...
Using existing exports file: C:\Users\chess\AppData\Roaming\ghidra\ghidra_12.1.4_PUBLIC\symbols\win64\api-ms-win-crt-time-l1-1-0.exports
Library not saved to project.
------------------------------------------------

Searching 39 paths for library API-MS-WIN-CRT-UTILITY-L1-1-0.DLL...
Loading file:///C:/Users/chess/AppData/Local/Programs/Eclipse Adoptium/jdk-21.0.12.1+1/bin/api-ms-win-crt-utility-l1-1-0.dll?MD5=708a5bc205384633a7b6674eecc7f0f0...
Using existing exports file: C:\Users\chess\AppData\Roaming\ghidra\ghidra_12.1.4_PUBLIC\symbols\win64\api-ms-win-crt-utility-l1-1-0.exports
Library not saved to project.
------------------------------------------------

Searching 39 paths for library KERNEL32.DLL...
Skipping library which is the wrong architecture: file:///C:/Windows/SysWOW64/kernel32.dll
Loading file:///C:/Windows/System32/kernel32.dll?MD5=046e6b86273b9cc2ed367bdcf9c12b44...
Using existing exports file: C:\Users\chess\AppData\Roaming\ghidra\ghidra_12.1.4_PUBLIC\symbols\win64\kernel32.exports
Library not saved to project.
------------------------------------------------

Applying C:\Users\chess\AppData\Roaming\ghidra\ghidra_12.1.4_PUBLIC\symbols\win64\kernel32.exports
Applying C:\Users\chess\AppData\Roaming\ghidra\ghidra_12.1.4_PUBLIC\symbols\win64\api-ms-win-crt-convert-l1-1-0.exports
Applying C:\Users\chess\AppData\Roaming\ghidra\ghidra_12.1.4_PUBLIC\symbols\win64\api-ms-win-crt-environment-l1-1-0.exports
Applying C:\Users\chess\AppData\Roaming\ghidra\ghidra_12.1.4_PUBLIC\symbols\win64\api-ms-win-crt-filesystem-l1-1-0.exports
Applying C:\Users\chess\AppData\Roaming\ghidra\ghidra_12.1.4_PUBLIC\symbols\win64\api-ms-win-crt-heap-l1-1-0.exports
Applying C:\Users\chess\AppData\Roaming\ghidra\ghidra_12.1.4_PUBLIC\symbols\win64\api-ms-win-crt-locale-l1-1-0.exports
Applying C:\Users\chess\AppData\Roaming\ghidra\ghidra_12.1.4_PUBLIC\symbols\win64\api-ms-win-crt-math-l1-1-0.exports
Applying C:\Users\chess\AppData\Roaming\ghidra\ghidra_12.1.4_PUBLIC\symbols\win64\api-ms-win-crt-private-l1-1-0.exports
Applying C:\Users\chess\AppData\Roaming\ghidra\ghidra_12.1.4_PUBLIC\symbols\win64\api-ms-win-crt-runtime-l1-1-0.exports
Applying C:\Users\chess\AppData\Roaming\ghidra\ghidra_12.1.4_PUBLIC\symbols\win64\api-ms-win-crt-stdio-l1-1-0.exports
Applying C:\Users\chess\AppData\Roaming\ghidra\ghidra_12.1.4_PUBLIC\symbols\win64\api-ms-win-crt-string-l1-1-0.exports
Applying C:\Users\chess\AppData\Roaming\ghidra\ghidra_12.1.4_PUBLIC\symbols\win64\api-ms-win-crt-time-l1-1-0.exports
Applying C:\Users\chess\AppData\Roaming\ghidra\ghidra_12.1.4_PUBLIC\symbols\win64\api-ms-win-crt-utility-l1-1-0.exports
Linking the External Programs of 'binary.exe' to imported libraries...
  [KERNEL32.DLL] -> not found in project
  [API-MS-WIN-CRT-CONVERT-L1-1-0.DLL] -> not found in project
  [API-MS-WIN-CRT-ENVIRONMENT-L1-1-0.DLL] -> not found in project
  [API-MS-WIN-CRT-FILESYSTEM-L1-1-0.DLL] -> not found in project
  [API-MS-WIN-CRT-HEAP-L1-1-0.DLL] -> not found in project
  [API-MS-WIN-CRT-LOCALE-L1-1-0.DLL] -> not found in project
  [API-MS-WIN-CRT-MATH-L1-1-0.DLL] -> not found in project
  [API-MS-WIN-CRT-PRIVATE-L1-1-0.DLL] -> not found in project
  [API-MS-WIN-CRT-RUNTIME-L1-1-0.DLL] -> not found in project
  [API-MS-WIN-CRT-STDIO-L1-1-0.DLL] -> not found in project
  [API-MS-WIN-CRT-STRING-L1-1-0.DLL] -> not found in project
  [API-MS-WIN-CRT-TIME-L1-1-0.DLL] -> not found in project
  [API-MS-WIN-CRT-UTILITY-L1-1-0.DLL] -> not found in project
------------------------------------------------

 (ProgramLoader)  
INFO  IMPORTING: Loaded 0 additional files (HeadlessAnalyzer)  
INFO  ANALYZING all memory and code: file:///C:/Users/chess/OneDrive/Escritorio/DesarrolloWeb/Bob Final/codearcheologist/work/24b698c8-d82b-4878-8920-3a85f7f9c194/input/binary.exe (HeadlessAnalyzer)  
WARN  Ignoring leading '_' chars on no-return name '___raise_securityfailure' specified in file: C:\ghidra_12.1.4_PUBLIC_20260921\ghidra_12.1.4_PUBLIC\Ghidra\Features\Base\data\PEFunctionsThatDoNotReturn (NoReturnFunctionAnalyzer)  
WARN  Ignoring leading '_' chars on no-return name '___report_rangecheckfailure' specified in file: C:\ghidra_12.1.4_PUBLIC_20260921\ghidra_12.1.4_PUBLIC\Ghidra\Features\Base\data\PEFunctionsThatDoNotReturn (NoReturnFunctionAnalyzer)  
INFO  Added 591 source map entries (DWARFImporter)  
INFO  DWARF ver[5], 4 compUnits, 983 DIES, import - total elapsed: 292ms (DWARFImportSummary)  
INFO  DWARF data type import - elapsed: 104ms (DWARFImportSummary)  
INFO  DWARF func & symbol import - elapsed: 124ms (DWARFImportSummary)  
INFO  DWARF types imported: 149 (DWARFImportSummary)  
INFO  DWARF enums from macros - elapsed: 3ms (DWARFImportSummary)  
INFO  DWARF compile dirs: [C:\Prog\winlibs_staging_ucrt\home64\gcc-16.1.0\build_mingw\x86_64-w64-mingw32\libgcc] (DWARFImportSummary)  
INFO  DWARF producers: [GNU AS 2.47, GNU C23 16.1.0 -march=nocona -msahf -mtune=generic -g -g -g -O2 -O2 -O2 -fbuilding-libgcc -fno-stack-protector, GNU C23 16.1.0 -march=nocona -msahf -mtune=generic -g -g -g -O2 -O2 -O2 -fbuilding-libgcc -fno-stack-protector -fexceptions] (DWARFImportSummary)  
INFO  DWARF source languages: [DW_LANG_C11, DW_LANG_Mips_Assembler] (DWARFImportSummary)  
INFO  DWARF compUnit: ../../../libgcc/config/i386/cygwin.S (DWARFImportSummary)  
INFO  DWARF compUnit: ../../../libgcc/libgcc2.c (DWARFImportSummary)  
INFO  DWARF compUnit: ../../../libgcc/unwind-seh.c (DWARFImportSummary)  
INFO  DWARF compUnit: ../../../libgcc/emutls.c (DWARFImportSummary)  
ERROR DWARF un-recoverable expressions: (DWARFImportSummary)  
ERROR   DW_OP_reg9 -> 2 (DWARFImportSummary)  
ERROR   DW_OP_reg2 -> 22 (DWARFImportSummary)  
ERROR   DW_OP_reg1 -> 8 (DWARFImportSummary)  
ERROR   DW_OP_reg8 -> 4 (DWARFImportSummary)  
INFO  Skipping PDB processing: missing PDB information in program metadata (PdbUniversalAnalyzer)  
INFO  hit non-returning function, restarting decompiler switch analyzer later (DecompilerSwitchAnalyzer)  
WARN  Decompiling 140090150: Unable to read bytes at ram:1ae7bb373 (DecompileCallback)  
WARN  Decompiling 140090490: Unable to read bytes at ram:1ae7bb3cb (DecompileCallback)  
WARN  Decompiling 140090150: Unable to read bytes at ram:1ae7bb3cb (DecompileCallback)  
WARN  Decompiling 1400788f0: Unable to read bytes at ram:1ae74b8ef (DecompileCallback)  
WARN  Decompiling 1400788f0, pcode error at 1400d5a63: Unable to resolve constructor at 1400d5a63 (DecompileCallback)  
WARN  Decompiling 1400788f0, pcode error at 1400d5a8a: Unable to resolve constructor at 1400d5a8a (DecompileCallback)  
WARN  Decompiling 1400788f0, pcode error at 1400d5b37: Unable to resolve constructor at 1400d5b37 (DecompileCallback)  
WARN  Decompiling 1400788f0, pcode error at 1400d5b98: Unable to resolve constructor at 1400d5b98 (DecompileCallback)  
WARN  Decompiling 1400788f0, pcode error at 1400d5bc9: Unable to resolve constructor at 1400d5bc9 (DecompileCallback)  
WARN  Decompiling 1400788f0, pcode error at 1400d5c84: Unable to resolve constructor at 1400d5c84 (DecompileCallback)  
WARN  Decompiling 1400788f0, pcode error at 1400d5d04: Unable to resolve constructor at 1400d5d04 (DecompileCallback)  
WARN  Decompiling 1400788f0, pcode error at 1400d5d60: Unable to resolve constructor at 1400d5d60 (DecompileCallback)  
WARN  Decompiling 1400788f0, pcode error at 1400d5d5c: Unable to resolve constructor at 1400d5d5c (DecompileCallback)  
WARN  Decompiling 1400788f0, pcode error at 1400d5dc8: Unable to resolve constructor at 1400d5dc8 (DecompileCallback)  
WARN  Decompiling 1400788f0, pcode error at 1400d5d2d: Unable to resolve constructor at 1400d5d2d (DecompileCallback)  
WARN  Decompiling 1400788f0, pcode error at 1400d5d9c: Unable to resolve constructor at 1400d5d9c (DecompileCallback)  
WARN  Decompiling 1400788f0, pcode error at 1400d5e10: Unable to resolve constructor at 1400d5e10 (DecompileCallback)  
WARN  Decompiling 1400788f0, pcode error at 1400d5e3c: Unable to resolve constructor at 1400d5e3c (DecompileCallback)  
WARN  Decompiling 1400788f0, pcode error at 1400d5e60: Unable to resolve constructor at 1400d5e60 (DecompileCallback)  
WARN  Decompiling 1400788f0, pcode error at 1400d5ed9: Unable to resolve constructor at 1400d5ed9 (DecompileCallback)  
WARN  Decompiling 1400788f0, pcode error at 1400d5e7d: Unable to resolve constructor at 1400d5e7d (DecompileCallback)  
WARN  Decompiling 1400788f0, pcode error at 1400d5d87: Unable to resolve constructor at 1400d5d87 (DecompileCallback)  
WARN  Decompiling 1400788f0, pcode error at 1400d5d4a: Unable to resolve constructor at 1400d5d4a (DecompileCallback)  
WARN  Decompiling 1400788f0, pcode error at 1400d5db6: Unable to resolve constructor at 1400d5db6 (DecompileCallback)  
WARN  Decompiling 1400788f0, pcode error at 1400d5cc0: Unable to resolve constructor at 1400d5cc0 (DecompileCallback)  
WARN  Decompiling 1400788f0, pcode error at 1400d5d14: Unable to resolve constructor at 1400d5d14 (DecompileCallback)  
WARN  Decompiling 1400788f0, pcode error at 1400d5bfe: Unable to resolve constructor at 1400d5bfe (DecompileCallback)  
WARN  Decompiling 1400788f0, pcode error at 1400d5c70: Unable to resolve constructor at 1400d5c70 (DecompileCallback)  
WARN  Decompiling 1400788f0, pcode error at 1400d5bd9: Unable to resolve constructor at 1400d5bd9 (DecompileCallback)  
WARN  Decompiling 14006f2c0: Unable to read bytes at ram:1ae74b787 (DecompileCallback)  
WARN  Decompiling 1400788f0, pcode error at 1400d5bcf: Unable to resolve constructor at 1400d5bcf (DecompileCallback)  
WARN  Decompiling 1400788f0, pcode error at 1400d5b45: Unable to resolve constructor at 1400d5b45 (DecompileCallback)  
WARN  Decompiling 1400788f0, pcode error at 1400d5bbd: Unable to resolve constructor at 1400d5bbd (DecompileCallback)  
WARN  Decompiling 1400788f0, pcode error at 1400d5d79: Unable to resolve constructor at 1400d5d79 (DecompileCallback)  
WARN  Decompiling 1400788f0, pcode error at 1400d5b48: Unable to resolve constructor at 1400d5b48 (DecompileCallback)  
WARN  Decompiling 1400788f0, pcode error at 1400d5b35: Unable to resolve constructor at 1400d5b35 (DecompileCallback)  
WARN  Decompiling 1400788f0, pcode error at 1400d5a2a: Unable to resolve constructor at 1400d5a2a (DecompileCallback)  
WARN  Decompiling 140079a60: Unable to read bytes at ram:1ae74b8db (DecompileCallback)  
WARN  Decompiling 140047780: Unable to read bytes at ram:1a980f69e (DecompileCallback)  
WARN  Decompiling 140079a60, pcode error at 1400d598f: Unable to resolve constructor at 1400d598f (DecompileCallback)  
WARN  Decompiling 140047780, pcode error at 14004663d: Unable to resolve constructor at 14004663d (DecompileCallback)  
WARN  Decompiling 140079a60, pcode error at 140078d34: Unable to resolve constructor at 140078d34 (DecompileCallback)  
WARN  Decompiling 1400902f0: Unable to read bytes at ram:1ae7baee3 (DecompileCallback)  
WARN  Decompiling 140079a60: Unable to read bytes at ram:1ae74b8ef (DecompileCallback)  
WARN  Decompiling 140079a60, pcode error at 1400d5a63: Unable to resolve constructor at 1400d5a63 (DecompileCallback)  
WARN  Decompiling 140079a60, pcode error at 1400d5a8a: Unable to resolve constructor at 1400d5a8a (DecompileCallback)  
WARN  Decompiling 140079a60, pcode error at 1400d5b37: Unable to resolve constructor at 1400d5b37 (DecompileCallback)  
WARN  Decompiling 140079a60, pcode error at 1400d5b98: Unable to resolve constructor at 1400d5b98 (DecompileCallback)  
WARN  Decompiling 140079a60, pcode error at 1400d5bc9: Unable to resolve constructor at 1400d5bc9 (DecompileCallback)  
WARN  Decompiling 140079a60, pcode error at 1400d5c84: Unable to resolve constructor at 1400d5c84 (DecompileCallback)  
WARN  Decompiling 140079a60, pcode error at 1400d5d04: Unable to resolve constructor at 1400d5d04 (DecompileCallback)  
WARN  Decompiling 140079a60, pcode error at 1400d5d60: Unable to resolve constructor at 1400d5d60 (DecompileCallback)  
WARN  Decompiling 140079a60, pcode error at 1400d5d5c: Unable to resolve constructor at 1400d5d5c (DecompileCallback)  
WARN  Decompiling 140079a60, pcode error at 1400d5dc8: Unable to resolve constructor at 1400d5dc8 (DecompileCallback)  
WARN  Decompiling 140079a60, pcode error at 1400d5d2d: Unable to resolve constructor at 1400d5d2d (DecompileCallback)  
WARN  Decompiling 140079a60, pcode error at 1400d5d9c: Unable to resolve constructor at 1400d5d9c (DecompileCallback)  
WARN  Decompiling 140079a60, pcode error at 1400d5e10: Unable to resolve constructor at 1400d5e10 (DecompileCallback)  
WARN  Decompiling 140079a60, pcode error at 1400d5e3c: Unable to resolve constructor at 1400d5e3c (DecompileCallback)  
WARN  Decompiling 140079a60, pcode error at 1400d5e60: Unable to resolve constructor at 1400d5e60 (DecompileCallback)  
WARN  Decompiling 140079a60, pcode error at 1400d5ed9: Unable to resolve constructor at 1400d5ed9 (DecompileCallback)  
WARN  Decompiling 140079a60, pcode error at 1400d5e7d: Unable to resolve constructor at 1400d5e7d (DecompileCallback)  
WARN  Decompiling 140079a60, pcode error at 1400d5d87: Unable to resolve constructor at 1400d5d87 (DecompileCallback)  
WARN  Decompiling 140079a60, pcode error at 1400d5d4a: Unable to resolve constructor at 1400d5d4a (DecompileCallback)  
WARN  Decompiling 140079a60, pcode error at 1400d5db6: Unable to resolve constructor at 1400d5db6 (DecompileCallback)  
WARN  Decompiling 140079a60, pcode error at 1400d5cc0: Unable to resolve constructor at 1400d5cc0 (DecompileCallback)  
WARN  Decompiling 140079a60, pcode error at 1400d5d14: Unable to resolve constructor at 1400d5d14 (DecompileCallback)  
WARN  Decompiling 140079a60, pcode error at 1400d5bfe: Unable to resolve constructor at 1400d5bfe (DecompileCallback)  
WARN  Decompiling 140079a60, pcode error at 1400d5c70: Unable to resolve constructor at 1400d5c70 (DecompileCallback)  
WARN  Decompiling 140079a60, pcode error at 1400d5bd9: Unable to resolve constructor at 1400d5bd9 (DecompileCallback)  
WARN  Decompiling 140079a60, pcode error at 1400d5bcf: Unable to resolve constructor at 1400d5bcf (DecompileCallback)  
WARN  Decompiling 140079a60, pcode error at 1400d5b45: Unable to resolve constructor at 1400d5b45 (DecompileCallback)  
WARN  Decompiling 140079a60, pcode error at 1400d5bbd: Unable to resolve constructor at 1400d5bbd (DecompileCallback)  
WARN  Decompiling 140079a60, pcode error at 1400d5d79: Unable to resolve constructor at 1400d5d79 (DecompileCallback)  
WARN  Decompiling 140079a60, pcode error at 1400d5b48: Unable to resolve constructor at 1400d5b48 (DecompileCallback)  
WARN  Decompiling 140079a60, pcode error at 1400d5b35: Unable to resolve constructor at 1400d5b35 (DecompileCallback)  
WARN  Decompiling 140079a60, pcode error at 1400d5a2a: Unable to resolve constructor at 1400d5a2a (DecompileCallback)  
WARN  Decompiling 14004a480: Unable to read bytes at ram:1a980b49e (DecompileCallback)  
WARN  Decompiling 14004a480, pcode error at 14004967f: Unable to resolve constructor at 14004967f (DecompileCallback)  
WARN  Decompiling 140047780: Unable to read bytes at ram:1a980f6b2 (DecompileCallback)  
WARN  Decompiling 14008ffb0: Unable to read bytes at ram:1ae7bae8b (DecompileCallback)  
WARN  Decompiling 14008ffb0: Unable to read bytes at ram:1ae7baee3 (DecompileCallback)  
WARN  Decompiling 14007c170: Unable to read bytes at ram:1a980cdde (DecompileCallback)  
WARN  Decompiling 14007c170, pcode error at 1400d6c8f: Unable to resolve constructor at 1400d6c8f (DecompileCallback)  
WARN  Decompiling 14007c170, pcode error at 14007b5e2: Unable to resolve constructor at 14007b5e2 (DecompileCallback)  
WARN  Decompiling 14007b0d0: Unable to read bytes at ram:1a980cdf2 (DecompileCallback)  
WARN  Decompiling 14007b0d0, pcode error at 1400d6c97: Unable to resolve constructor at 1400d6c97 (DecompileCallback)  
WARN  Decompiling 14007c170: Unable to read bytes at ram:1a980cdf2 (DecompileCallback)  
WARN  Decompiling 14007c170, pcode error at 1400d6c97: Unable to resolve constructor at 1400d6c97 (DecompileCallback)  
WARN  Decompiling 14006f2c0: Unable to read bytes at ram:1ae74b8ef (DecompileCallback)  
WARN  Decompiling 14006f2c0: Unable to read bytes at ram:1ae74b8db (DecompileCallback)  
WARN  Decompiling 14004a480: Unable to read bytes at ram:1a980b4b2 (DecompileCallback)  
WARN  Decompiling 14006f2c0, pcode error at 1400d5a63: Unable to resolve constructor at 1400d5a63 (DecompileCallback)  
WARN  Decompiling 14006f2c0, pcode error at 1400d5a8a: Unable to resolve constructor at 1400d5a8a (DecompileCallback)  
WARN  Decompiling 14006f2c0, pcode error at 1400d5b37: Unable to resolve constructor at 1400d5b37 (DecompileCallback)  
WARN  Decompiling 14006f2c0, pcode error at 1400d5b98: Unable to resolve constructor at 1400d5b98 (DecompileCallback)  
WARN  Decompiling 14006f2c0, pcode error at 1400d5bc9: Unable to resolve constructor at 1400d5bc9 (DecompileCallback)  
WARN  Decompiling 14006f2c0, pcode error at 1400d5c84: Unable to resolve constructor at 1400d5c84 (DecompileCallback)  
WARN  Decompiling 14006f2c0, pcode error at 1400d5d04: Unable to resolve constructor at 1400d5d04 (DecompileCallback)  
WARN  Decompiling 14006f2c0, pcode error at 1400d5d60: Unable to resolve constructor at 1400d5d60 (DecompileCallback)  
WARN  Decompiling 14006f2c0, pcode error at 1400d5d5c: Unable to resolve constructor at 1400d5d5c (DecompileCallback)  
WARN  Decompiling 14006f2c0, pcode error at 1400d5dc8: Unable to resolve constructor at 1400d5dc8 (DecompileCallback)  
WARN  Decompiling 14006f2c0, pcode error at 1400d5d2d: Unable to resolve constructor at 1400d5d2d (DecompileCallback)  
WARN  Decompiling 14006f2c0, pcode error at 1400d5d9c: Unable to resolve constructor at 1400d5d9c (DecompileCallback)  
WARN  Decompiling 14006f2c0, pcode error at 1400d5e10: Unable to resolve constructor at 1400d5e10 (DecompileCallback)  
WARN  Decompiling 14006f2c0, pcode error at 1400d5e3c: Unable to resolve constructor at 1400d5e3c (DecompileCallback)  
WARN  Decompiling 14006f2c0, pcode error at 1400d5e60: Unable to resolve constructor at 1400d5e60 (DecompileCallback)  
WARN  Decompiling 14006f2c0, pcode error at 1400d5ed9: Unable to resolve constructor at 1400d5ed9 (DecompileCallback)  
WARN  Decompiling 14006f2c0, pcode error at 1400d5e7d: Unable to resolve constructor at 1400d5e7d (DecompileCallback)  
WARN  Decompiling 14006f2c0, pcode error at 1400d5d87: Unable to resolve constructor at 1400d5d87 (DecompileCallback)  
WARN  Decompiling 14006f2c0, pcode error at 1400d5d4a: Unable to resolve constructor at 1400d5d4a (DecompileCallback)  
WARN  Decompiling 14006f2c0, pcode error at 1400d5db6: Unable to resolve constructor at 1400d5db6 (DecompileCallback)  
WARN  Decompiling 14006f2c0, pcode error at 1400d5cc0: Unable to resolve constructor at 1400d5cc0 (DecompileCallback)  
WARN  Decompiling 14006f2c0, pcode error at 1400d5d14: Unable to resolve constructor at 1400d5d14 (DecompileCallback)  
WARN  Decompiling 14006f2c0, pcode error at 1400d5bfe: Unable to resolve constructor at 1400d5bfe (DecompileCallback)  
WARN  Decompiling 14006f2c0, pcode error at 1400d5c70: Unable to resolve constructor at 1400d5c70 (DecompileCallback)  
WARN  Decompiling 14006f2c0, pcode error at 1400d5bd9: Unable to resolve constructor at 1400d5bd9 (DecompileCallback)  
WARN  Decompiling 1400462c0: Unable to read bytes at ram:1a980f6b2 (DecompileCallback)  
WARN  Decompiling 14006f2c0, pcode error at 1400d5bcf: Unable to resolve constructor at 1400d5bcf (DecompileCallback)  
WARN  Decompiling 14006f2c0, pcode error at 1400d5b45: Unable to resolve constructor at 1400d5b45 (DecompileCallback)  
WARN  Decompiling 14006f2c0, pcode error at 1400d5bbd: Unable to resolve constructor at 1400d5bbd (DecompileCallback)  
WARN  Decompiling 14006f2c0, pcode error at 1400d5d79: Unable to resolve constructor at 1400d5d79 (DecompileCallback)  
WARN  Decompiling 14006f2c0, pcode error at 1400d5b48: Unable to resolve constructor at 1400d5b48 (DecompileCallback)  
WARN  Decompiling 14006f2c0, pcode error at 1400d5b35: Unable to resolve constructor at 1400d5b35 (DecompileCallback)  
WARN  Decompiling 14006f2c0, pcode error at 1400d5a2a: Unable to resolve constructor at 1400d5a2a (DecompileCallback)  
WARN  Decompiling 14006f2c0, pcode error at 1400d598f: Unable to resolve constructor at 1400d598f (DecompileCallback)  
WARN  Decompiling 14006f2c0, pcode error at 140078d34: Unable to resolve constructor at 140078d34 (DecompileCallback)  
WARN  Decompiling 1400490c0: Unable to read bytes at ram:1a980b4b2 (DecompileCallback)  
INFO  Packed database cache: C:\Users\chess\AppData\Local\ghidra\packed-db-cache (PackedDatabaseCache)  
INFO  Applied data type archive: windows_vs12_64 (ApplyDataArchiveAnalyzer)  
INFO  Applied data type archive: windows_vs12_64 (ApplyDataArchiveAnalyzer)  
WARN  Decompiling 1400902f0: Unable to read bytes at ram:1ae7baee3 (DecompileCallback)  
WARN  Decompiling 14008ffb0: Unable to read bytes at ram:1ae7bae8b (DecompileCallback)  
WARN  Decompiling 14008ffb0: Unable to read bytes at ram:1ae7baee3 (DecompileCallback)  
WARN  Decompiling 140090490: Unable to read bytes at ram:1ae7bb3cb (DecompileCallback)  
WARN  Decompiling 140090150: Unable to read bytes at ram:1ae7bb373 (DecompileCallback)  
WARN  Decompiling 140090150: Unable to read bytes at ram:1ae7bb3cb (DecompileCallback)  
WARN  Decompiling 14006f2c0: Unable to read bytes at ram:1ae74b787 (DecompileCallback)  
WARN  Decompiling 14006f2c0: Unable to read bytes at ram:1ae74b8ef (DecompileCallback)  
WARN  Decompiling 14006f2c0: Unable to read bytes at ram:1ae74b8db (DecompileCallback)  
WARN  Decompiling 14006f2c0, pcode error at 1400d5a63: Unable to resolve constructor at 1400d5a63 (DecompileCallback)  
WARN  Decompiling 14006f2c0, pcode error at 1400d5a8a: Unable to resolve constructor at 1400d5a8a (DecompileCallback)  
WARN  Decompiling 14006f2c0, pcode error at 1400d5b37: Unable to resolve constructor at 1400d5b37 (DecompileCallback)  
WARN  Decompiling 14006f2c0, pcode error at 1400d5b98: Unable to resolve constructor at 1400d5b98 (DecompileCallback)  
WARN  Decompiling 14006f2c0, pcode error at 1400d5bc9: Unable to resolve constructor at 1400d5bc9 (DecompileCallback)  
WARN  Decompiling 14006f2c0, pcode error at 1400d5c84: Unable to resolve constructor at 1400d5c84 (DecompileCallback)  
WARN  Decompiling 14006f2c0, pcode error at 1400d5d04: Unable to resolve constructor at 1400d5d04 (DecompileCallback)  
WARN  Decompiling 14006f2c0, pcode error at 1400d5d60: Unable to resolve constructor at 1400d5d60 (DecompileCallback)  
WARN  Decompiling 14006f2c0, pcode error at 1400d5d5c: Unable to resolve constructor at 1400d5d5c (DecompileCallback)  
WARN  Decompiling 14006f2c0, pcode error at 1400d5dc8: Unable to resolve constructor at 1400d5dc8 (DecompileCallback)  
WARN  Decompiling 14006f2c0, pcode error at 1400d5d2d: Unable to resolve constructor at 1400d5d2d (DecompileCallback)  
WARN  Decompiling 14006f2c0, pcode error at 1400d5d9c: Unable to resolve constructor at 1400d5d9c (DecompileCallback)  
WARN  Decompiling 14006f2c0, pcode error at 1400d5e10: Unable to resolve constructor at 1400d5e10 (DecompileCallback)  
WARN  Decompiling 14006f2c0, pcode error at 1400d5e3c: Unable to resolve constructor at 1400d5e3c (DecompileCallback)  
WARN  Decompiling 14006f2c0, pcode error at 1400d5e60: Unable to resolve constructor at 1400d5e60 (DecompileCallback)  
WARN  Decompiling 14006f2c0, pcode error at 1400d5ed9: Unable to resolve constructor at 1400d5ed9 (DecompileCallback)  
WARN  Decompiling 14006f2c0, pcode error at 1400d5e7d: Unable to resolve constructor at 1400d5e7d (DecompileCallback)  
WARN  Decompiling 14006f2c0, pcode error at 1400d5d87: Unable to resolve constructor at 1400d5d87 (DecompileCallback)  
WARN  Decompiling 14006f2c0, pcode error at 1400d5d4a: Unable to resolve constructor at 1400d5d4a (DecompileCallback)  
WARN  Decompiling 14006f2c0, pcode error at 1400d5db6: Unable to resolve constructor at 1400d5db6 (DecompileCallback)  
WARN  Decompiling 14006f2c0, pcode error at 1400d5cc0: Unable to resolve constructor at 1400d5cc0 (DecompileCallback)  
WARN  Decompiling 14006f2c0, pcode error at 1400d5d14: Unable to resolve constructor at 1400d5d14 (DecompileCallback)  
WARN  Decompiling 14006f2c0, pcode error at 1400d5bfe: Unable to resolve constructor at 1400d5bfe (DecompileCallback)  
WARN  Decompiling 14006f2c0, pcode error at 1400d5c70: Unable to resolve constructor at 1400d5c70 (DecompileCallback)  
WARN  Decompiling 14006f2c0, pcode error at 1400d5bd9: Unable to resolve constructor at 1400d5bd9 (DecompileCallback)  
WARN  Decompiling 14006f2c0, pcode error at 1400d5bcf: Unable to resolve constructor at 1400d5bcf (DecompileCallback)  
WARN  Decompiling 14006f2c0, pcode error at 1400d5b45: Unable to resolve constructor at 1400d5b45 (DecompileCallback)  
WARN  Decompiling 14006f2c0, pcode error at 1400d5bbd: Unable to resolve constructor at 1400d5bbd (DecompileCallback)  
WARN  Decompiling 14006f2c0, pcode error at 1400d5d79: Unable to resolve constructor at 1400d5d79 (DecompileCallback)  
WARN  Decompiling 14006f2c0, pcode error at 1400d5b48: Unable to resolve constructor at 1400d5b48 (DecompileCallback)  
WARN  Decompiling 14006f2c0, pcode error at 1400d5b35: Unable to resolve constructor at 1400d5b35 (DecompileCallback)  
WARN  Decompiling 14006f2c0, pcode error at 1400d5a2a: Unable to resolve constructor at 1400d5a2a (DecompileCallback)  
WARN  Decompiling 14006f2c0, pcode error at 1400d598f: Unable to resolve constructor at 1400d598f (DecompileCallback)  
WARN  Decompiling 14006f2c0, pcode error at 140078d34: Unable to resolve constructor at 140078d34 (DecompileCallback)  
WARN  Decompiling 1400788f0: Unable to read bytes at ram:1ae74b8ef (DecompileCallback)  
WARN  Decompiling 1400788f0, pcode error at 1400d5a63: Unable to resolve constructor at 1400d5a63 (DecompileCallback)  
WARN  Decompiling 1400788f0, pcode error at 1400d5a8a: Unable to resolve constructor at 1400d5a8a (DecompileCallback)  
WARN  Decompiling 1400788f0, pcode error at 1400d5b37: Unable to resolve constructor at 1400d5b37 (DecompileCallback)  
WARN  Decompiling 1400788f0, pcode error at 1400d5b98: Unable to resolve constructor at 1400d5b98 (DecompileCallback)  
WARN  Decompiling 1400788f0, pcode error at 1400d5bc9: Unable to resolve constructor at 1400d5bc9 (DecompileCallback)  
WARN  Decompiling 1400788f0, pcode error at 1400d5c84: Unable to resolve constructor at 1400d5c84 (DecompileCallback)  
WARN  Decompiling 1400788f0, pcode error at 1400d5d04: Unable to resolve constructor at 1400d5d04 (DecompileCallback)  
WARN  Decompiling 1400788f0, pcode error at 1400d5d60: Unable to resolve constructor at 1400d5d60 (DecompileCallback)  
WARN  Decompiling 1400788f0, pcode error at 1400d5d5c: Unable to resolve constructor at 1400d5d5c (DecompileCallback)  
WARN  Decompiling 1400788f0, pcode error at 1400d5dc8: Unable to resolve constructor at 1400d5dc8 (DecompileCallback)  
WARN  Decompiling 1400788f0, pcode error at 1400d5d2d: Unable to resolve constructor at 1400d5d2d (DecompileCallback)  
WARN  Decompiling 1400788f0, pcode error at 1400d5d9c: Unable to resolve constructor at 1400d5d9c (DecompileCallback)  
WARN  Decompiling 1400788f0, pcode error at 1400d5e10: Unable to resolve constructor at 1400d5e10 (DecompileCallback)  
WARN  Decompiling 1400788f0, pcode error at 1400d5e3c: Unable to resolve constructor at 1400d5e3c (DecompileCallback)  
WARN  Decompiling 1400788f0, pcode error at 1400d5e60: Unable to resolve constructor at 1400d5e60 (DecompileCallback)  
WARN  Decompiling 1400788f0, pcode error at 1400d5ed9: Unable to resolve constructor at 1400d5ed9 (DecompileCallback)  
WARN  Decompiling 1400788f0, pcode error at 1400d5e7d: Unable to resolve constructor at 1400d5e7d (DecompileCallback)  
WARN  Decompiling 1400788f0, pcode error at 1400d5d87: Unable to resolve constructor at 1400d5d87 (DecompileCallback)  
WARN  Decompiling 1400788f0, pcode error at 1400d5d4a: Unable to resolve constructor at 1400d5d4a (DecompileCallback)  
WARN  Decompiling 1400788f0, pcode error at 1400d5db6: Unable to resolve constructor at 1400d5db6 (DecompileCallback)  
WARN  Decompiling 1400788f0, pcode error at 1400d5cc0: Unable to resolve constructor at 1400d5cc0 (DecompileCallback)  
WARN  Decompiling 1400788f0, pcode error at 1400d5d14: Unable to resolve constructor at 1400d5d14 (DecompileCallback)  
WARN  Decompiling 1400788f0, pcode error at 1400d5bfe: Unable to resolve constructor at 1400d5bfe (DecompileCallback)  
WARN  Decompiling 1400788f0, pcode error at 1400d5c70: Unable to resolve constructor at 1400d5c70 (DecompileCallback)  
WARN  Decompiling 1400788f0, pcode error at 1400d5bd9: Unable to resolve constructor at 1400d5bd9 (DecompileCallback)  
WARN  Decompiling 1400788f0, pcode error at 1400d5bcf: Unable to resolve constructor at 1400d5bcf (DecompileCallback)  
WARN  Decompiling 1400788f0, pcode error at 1400d5b45: Unable to resolve constructor at 1400d5b45 (DecompileCallback)  
WARN  Decompiling 1400788f0, pcode error at 1400d5bbd: Unable to resolve constructor at 1400d5bbd (DecompileCallback)  
WARN  Decompiling 1400788f0, pcode error at 1400d5d79: Unable to resolve constructor at 1400d5d79 (DecompileCallback)  
WARN  Decompiling 1400788f0, pcode error at 1400d5b48: Unable to resolve constructor at 1400d5b48 (DecompileCallback)  
WARN  Decompiling 1400788f0, pcode error at 1400d5b35: Unable to resolve constructor at 1400d5b35 (DecompileCallback)  
WARN  Decompiling 1400788f0, pcode error at 1400d5a2a: Unable to resolve constructor at 1400d5a2a (DecompileCallback)  
WARN  Decompiling 1400462c0: Unable to read bytes at ram:1a980f6b2 (DecompileCallback)  
WARN  Decompiling 140079a60: Unable to read bytes at ram:1ae74b8db (DecompileCallback)  
WARN  Decompiling 140079a60, pcode error at 1400d598f: Unable to resolve constructor at 1400d598f (DecompileCallback)  
WARN  Decompiling 140079a60, pcode error at 140078d34: Unable to resolve constructor at 140078d34 (DecompileCallback)  
WARN  Decompiling 140047780: Unable to read bytes at ram:1a980f69e (DecompileCallback)  
WARN  Decompiling 140047780, pcode error at 14004663d: Unable to resolve constructor at 14004663d (DecompileCallback)  
WARN  Decompiling 140079a60: Unable to read bytes at ram:1ae74b8ef (DecompileCallback)  
WARN  Decompiling 140079a60, pcode error at 1400d5a63: Unable to resolve constructor at 1400d5a63 (DecompileCallback)  
WARN  Decompiling 140079a60, pcode error at 1400d5a8a: Unable to resolve constructor at 1400d5a8a (DecompileCallback)  
WARN  Decompiling 140079a60, pcode error at 1400d5b37: Unable to resolve constructor at 1400d5b37 (DecompileCallback)  
WARN  Decompiling 140079a60, pcode error at 1400d5b98: Unable to resolve constructor at 1400d5b98 (DecompileCallback)  
WARN  Decompiling 140079a60, pcode error at 1400d5bc9: Unable to resolve constructor at 1400d5bc9 (DecompileCallback)  
WARN  Decompiling 140079a60, pcode error at 1400d5c84: Unable to resolve constructor at 1400d5c84 (DecompileCallback)  
WARN  Decompiling 140079a60, pcode error at 1400d5d04: Unable to resolve constructor at 1400d5d04 (DecompileCallback)  
WARN  Decompiling 140079a60, pcode error at 1400d5d60: Unable to resolve constructor at 1400d5d60 (DecompileCallback)  
WARN  Decompiling 140079a60, pcode error at 1400d5d5c: Unable to resolve constructor at 1400d5d5c (DecompileCallback)  
WARN  Decompiling 140079a60, pcode error at 1400d5dc8: Unable to resolve constructor at 1400d5dc8 (DecompileCallback)  
WARN  Decompiling 140079a60, pcode error at 1400d5d2d: Unable to resolve constructor at 1400d5d2d (DecompileCallback)  
WARN  Decompiling 140079a60, pcode error at 1400d5d9c: Unable to resolve constructor at 1400d5d9c (DecompileCallback)  
WARN  Decompiling 140079a60, pcode error at 1400d5e10: Unable to resolve constructor at 1400d5e10 (DecompileCallback)  
WARN  Decompiling 140079a60, pcode error at 1400d5e3c: Unable to resolve constructor at 1400d5e3c (DecompileCallback)  
WARN  Decompiling 140079a60, pcode error at 1400d5e60: Unable to resolve constructor at 1400d5e60 (DecompileCallback)  
WARN  Decompiling 140079a60, pcode error at 1400d5ed9: Unable to resolve constructor at 1400d5ed9 (DecompileCallback)  
WARN  Decompiling 140079a60, pcode error at 1400d5e7d: Unable to resolve constructor at 1400d5e7d (DecompileCallback)  
WARN  Decompiling 140079a60, pcode error at 1400d5d87: Unable to resolve constructor at 1400d5d87 (DecompileCallback)  
WARN  Decompiling 140079a60, pcode error at 1400d5d4a: Unable to resolve constructor at 1400d5d4a (DecompileCallback)  
WARN  Decompiling 140079a60, pcode error at 1400d5db6: Unable to resolve constructor at 1400d5db6 (DecompileCallback)  
WARN  Decompiling 140079a60, pcode error at 1400d5cc0: Unable to resolve constructor at 1400d5cc0 (DecompileCallback)  
WARN  Decompiling 140079a60, pcode error at 1400d5d14: Unable to resolve constructor at 1400d5d14 (DecompileCallback)  
WARN  Decompiling 140079a60, pcode error at 1400d5bfe: Unable to resolve constructor at 1400d5bfe (DecompileCallback)  
WARN  Decompiling 140079a60, pcode error at 1400d5c70: Unable to resolve constructor at 1400d5c70 (DecompileCallback)  
WARN  Decompiling 140079a60, pcode error at 1400d5bd9: Unable to resolve constructor at 1400d5bd9 (DecompileCallback)  
WARN  Decompiling 140079a60, pcode error at 1400d5bcf: Unable to resolve constructor at 1400d5bcf (DecompileCallback)  
WARN  Decompiling 140079a60, pcode error at 1400d5b45: Unable to resolve constructor at 1400d5b45 (DecompileCallback)  
WARN  Decompiling 140079a60, pcode error at 1400d5bbd: Unable to resolve constructor at 1400d5bbd (DecompileCallback)  
WARN  Decompiling 140079a60, pcode error at 1400d5d79: Unable to resolve constructor at 1400d5d79 (DecompileCallback)  
WARN  Decompiling 140079a60, pcode error at 1400d5b48: Unable to resolve constructor at 1400d5b48 (DecompileCallback)  
WARN  Decompiling 140079a60, pcode error at 1400d5b35: Unable to resolve constructor at 1400d5b35 (DecompileCallback)  
WARN  Decompiling 140079a60, pcode error at 1400d5a2a: Unable to resolve constructor at 1400d5a2a (DecompileCallback)  
WARN  Decompiling 14007c170: Unable to read bytes at ram:1a980cdde (DecompileCallback)  
WARN  Decompiling 14007c170, pcode error at 1400d6c8f: Unable to resolve constructor at 1400d6c8f (DecompileCallback)  
WARN  Decompiling 14004a480: Unable to read bytes at ram:1a980b49e (DecompileCallback)  
WARN  Decompiling 14007c170, pcode error at 14007b5e2: Unable to resolve constructor at 14007b5e2 (DecompileCallback)  
WARN  Decompiling 14004a480, pcode error at 14004967f: Unable to resolve constructor at 14004967f (DecompileCallback)  
WARN  Decompiling 14007b0d0: Unable to read bytes at ram:1a980cdf2 (DecompileCallback)  
WARN  Decompiling 14007b0d0, pcode error at 1400d6c97: Unable to resolve constructor at 1400d6c97 (DecompileCallback)  
WARN  Decompiling 140047780: Unable to read bytes at ram:1a980f6b2 (DecompileCallback)  
WARN  Decompiling 1400490c0: Unable to read bytes at ram:1a980b4b2 (DecompileCallback)  
WARN  Decompiling 14007c170: Unable to read bytes at ram:1a980cdf2 (DecompileCallback)  
WARN  Decompiling 14007c170, pcode error at 1400d6c97: Unable to resolve constructor at 1400d6c97 (DecompileCallback)  
WARN  Decompiling 14004a480: Unable to read bytes at ram:1a980b4b2 (DecompileCallback)  
WARN  Decompiling 1400902f0: Unable to read bytes at ram:1ae7baee3 (DecompileCallback)  
WARN  Decompiling 14008ffb0: Unable to read bytes at ram:1ae7bae8b (DecompileCallback)  
WARN  Decompiling 14008ffb0: Unable to read bytes at ram:1ae7baee3 (DecompileCallback)  
WARN  Decompiling 140090490: Unable to read bytes at ram:1ae7bb3cb (DecompileCallback)  
WARN  Decompiling 140090150: Unable to read bytes at ram:1ae7bb373 (DecompileCallback)  
WARN  Decompiling 140090150: Unable to read bytes at ram:1ae7bb3cb (DecompileCallback)  
WARN  Decompiling 14006f2c0: Unable to read bytes at ram:1ae74b787 (DecompileCallback)  
WARN  Decompiling 140079a60: Unable to read bytes at ram:1ae74b8db (DecompileCallback)  
WARN  Decompiling 140079a60, pcode error at 1400d598f: Unable to resolve constructor at 1400d598f (DecompileCallback)  
WARN  Decompiling 140079a60, pcode error at 140078d34: Unable to resolve constructor at 140078d34 (DecompileCallback)  
WARN  Decompiling 140047780: Unable to read bytes at ram:1a980f69e (DecompileCallback)  
WARN  Decompiling 140047780, pcode error at 14004663d: Unable to resolve constructor at 14004663d (DecompileCallback)  
WARN  Decompiling 1400788f0: Unable to read bytes at ram:1ae74b8ef (DecompileCallback)  
WARN  Decompiling 1400788f0, pcode error at 1400d5a63: Unable to resolve constructor at 1400d5a63 (DecompileCallback)  
WARN  Decompiling 1400788f0, pcode error at 1400d5a8a: Unable to resolve constructor at 1400d5a8a (DecompileCallback)  
WARN  Decompiling 1400788f0, pcode error at 1400d5b37: Unable to resolve constructor at 1400d5b37 (DecompileCallback)  
WARN  Decompiling 1400788f0, pcode error at 1400d5b98: Unable to resolve constructor at 1400d5b98 (DecompileCallback)  
WARN  Decompiling 1400788f0, pcode error at 1400d5bc9: Unable to resolve constructor at 1400d5bc9 (DecompileCallback)  
WARN  Decompiling 1400462c0: Unable to read bytes at ram:1a980f6b2 (DecompileCallback)  
WARN  Decompiling 1400788f0, pcode error at 1400d5c84: Unable to resolve constructor at 1400d5c84 (DecompileCallback)  
WARN  Decompiling 1400788f0, pcode error at 1400d5d04: Unable to resolve constructor at 1400d5d04 (DecompileCallback)  
WARN  Decompiling 1400788f0, pcode error at 1400d5d60: Unable to resolve constructor at 1400d5d60 (DecompileCallback)  
WARN  Decompiling 1400788f0, pcode error at 1400d5d5c: Unable to resolve constructor at 1400d5d5c (DecompileCallback)  
WARN  Decompiling 1400788f0, pcode error at 1400d5dc8: Unable to resolve constructor at 1400d5dc8 (DecompileCallback)  
WARN  Decompiling 1400788f0, pcode error at 1400d5d2d: Unable to resolve constructor at 1400d5d2d (DecompileCallback)  
WARN  Decompiling 1400788f0, pcode error at 1400d5d9c: Unable to resolve constructor at 1400d5d9c (DecompileCallback)  
WARN  Decompiling 1400788f0, pcode error at 1400d5e10: Unable to resolve constructor at 1400d5e10 (DecompileCallback)  
WARN  Decompiling 1400788f0, pcode error at 1400d5e3c: Unable to resolve constructor at 1400d5e3c (DecompileCallback)  
WARN  Decompiling 1400788f0, pcode error at 1400d5e60: Unable to resolve constructor at 1400d5e60 (DecompileCallback)  
WARN  Decompiling 1400788f0, pcode error at 1400d5ed9: Unable to resolve constructor at 1400d5ed9 (DecompileCallback)  
WARN  Decompiling 1400788f0, pcode error at 1400d5e7d: Unable to resolve constructor at 1400d5e7d (DecompileCallback)  
WARN  Decompiling 1400788f0, pcode error at 1400d5d87: Unable to resolve constructor at 1400d5d87 (DecompileCallback)  
WARN  Decompiling 1400788f0, pcode error at 1400d5d4a: Unable to resolve constructor at 1400d5d4a (DecompileCallback)  
WARN  Decompiling 1400788f0, pcode error at 1400d5db6: Unable to resolve constructor at 1400d5db6 (DecompileCallback)  
WARN  Decompiling 1400788f0, pcode error at 1400d5cc0: Unable to resolve constructor at 1400d5cc0 (DecompileCallback)  
WARN  Decompiling 1400788f0, pcode error at 1400d5d14: Unable to resolve constructor at 1400d5d14 (DecompileCallback)  
WARN  Decompiling 1400788f0, pcode error at 1400d5bfe: Unable to resolve constructor at 1400d5bfe (DecompileCallback)  
WARN  Decompiling 1400788f0, pcode error at 1400d5c70: Unable to resolve constructor at 1400d5c70 (DecompileCallback)  
WARN  Decompiling 1400788f0, pcode error at 1400d5bd9: Unable to resolve constructor at 1400d5bd9 (DecompileCallback)  
WARN  Decompiling 1400788f0, pcode error at 1400d5bcf: Unable to resolve constructor at 1400d5bcf (DecompileCallback)  
WARN  Decompiling 1400788f0, pcode error at 1400d5b45: Unable to resolve constructor at 1400d5b45 (DecompileCallback)  
WARN  Decompiling 1400788f0, pcode error at 1400d5bbd: Unable to resolve constructor at 1400d5bbd (DecompileCallback)  
WARN  Decompiling 1400788f0, pcode error at 1400d5d79: Unable to resolve constructor at 1400d5d79 (DecompileCallback)  
WARN  Decompiling 1400788f0, pcode error at 1400d5b48: Unable to resolve constructor at 1400d5b48 (DecompileCallback)  
WARN  Decompiling 1400788f0, pcode error at 1400d5b35: Unable to resolve constructor at 1400d5b35 (DecompileCallback)  
WARN  Decompiling 1400788f0, pcode error at 1400d5a2a: Unable to resolve constructor at 1400d5a2a (DecompileCallback)  
WARN  Decompiling 14007b0d0: Unable to read bytes at ram:1a980cdf2 (DecompileCallback)  
WARN  Decompiling 14007b0d0, pcode error at 1400d6c97: Unable to resolve constructor at 1400d6c97 (DecompileCallback)  
WARN  Decompiling 1400490c0: Unable to read bytes at ram:1a980b4b2 (DecompileCallback)  
WARN  Decompiling 140079a60: Unable to read bytes at ram:1ae74b8ef (DecompileCallback)  
WARN  Decompiling 140079a60, pcode error at 1400d5a63: Unable to resolve constructor at 1400d5a63 (DecompileCallback)  
WARN  Decompiling 140079a60, pcode error at 1400d5a8a: Unable to resolve constructor at 1400d5a8a (DecompileCallback)  
WARN  Decompiling 140079a60, pcode error at 1400d5b37: Unable to resolve constructor at 1400d5b37 (DecompileCallback)  
WARN  Decompiling 140079a60, pcode error at 1400d5b98: Unable to resolve constructor at 1400d5b98 (DecompileCallback)  
WARN  Decompiling 140079a60, pcode error at 1400d5bc9: Unable to resolve constructor at 1400d5bc9 (DecompileCallback)  
WARN  Decompiling 140079a60, pcode error at 1400d5c84: Unable to resolve constructor at 1400d5c84 (DecompileCallback)  
WARN  Decompiling 140079a60, pcode error at 1400d5d04: Unable to resolve constructor at 1400d5d04 (DecompileCallback)  
WARN  Decompiling 140079a60, pcode error at 1400d5d60: Unable to resolve constructor at 1400d5d60 (DecompileCallback)  
WARN  Decompiling 140079a60, pcode error at 1400d5d5c: Unable to resolve constructor at 1400d5d5c (DecompileCallback)  
WARN  Decompiling 140079a60, pcode error at 1400d5dc8: Unable to resolve constructor at 1400d5dc8 (DecompileCallback)  
WARN  Decompiling 140079a60, pcode error at 1400d5d2d: Unable to resolve constructor at 1400d5d2d (DecompileCallback)  
WARN  Decompiling 140079a60, pcode error at 1400d5d9c: Unable to resolve constructor at 1400d5d9c (DecompileCallback)  
WARN  Decompiling 140079a60, pcode error at 1400d5e10: Unable to resolve constructor at 1400d5e10 (DecompileCallback)  
WARN  Decompiling 140079a60, pcode error at 1400d5e3c: Unable to resolve constructor at 1400d5e3c (DecompileCallback)  
WARN  Decompiling 140079a60, pcode error at 1400d5e60: Unable to resolve constructor at 1400d5e60 (DecompileCallback)  
WARN  Decompiling 140079a60, pcode error at 1400d5ed9: Unable to resolve constructor at 1400d5ed9 (DecompileCallback)  
WARN  Decompiling 140079a60, pcode error at 1400d5e7d: Unable to resolve constructor at 1400d5e7d (DecompileCallback)  
WARN  Decompiling 140079a60, pcode error at 1400d5d87: Unable to resolve constructor at 1400d5d87 (DecompileCallback)  
WARN  Decompiling 140079a60, pcode error at 1400d5d4a: Unable to resolve constructor at 1400d5d4a (DecompileCallback)  
WARN  Decompiling 140079a60, pcode error at 1400d5db6: Unable to resolve constructor at 1400d5db6 (DecompileCallback)  
WARN  Decompiling 140079a60, pcode error at 1400d5cc0: Unable to resolve constructor at 1400d5cc0 (DecompileCallback)  
WARN  Decompiling 140079a60, pcode error at 1400d5d14: Unable to resolve constructor at 1400d5d14 (DecompileCallback)  
WARN  Decompiling 140079a60, pcode error at 1400d5bfe: Unable to resolve constructor at 1400d5bfe (DecompileCallback)  
WARN  Decompiling 140079a60, pcode error at 1400d5c70: Unable to resolve constructor at 1400d5c70 (DecompileCallback)  
WARN  Decompiling 140079a60, pcode error at 1400d5bd9: Unable to resolve constructor at 1400d5bd9 (DecompileCallback)  
WARN  Decompiling 140079a60, pcode error at 1400d5bcf: Unable to resolve constructor at 1400d5bcf (DecompileCallback)  
WARN  Decompiling 140079a60, pcode error at 1400d5b45: Unable to resolve constructor at 1400d5b45 (DecompileCallback)  
WARN  Decompiling 140079a60, pcode error at 1400d5bbd: Unable to resolve constructor at 1400d5bbd (DecompileCallback)  
WARN  Decompiling 140079a60, pcode error at 1400d5d79: Unable to resolve constructor at 1400d5d79 (DecompileCallback)  
WARN  Decompiling 140079a60, pcode error at 1400d5b48: Unable to resolve constructor at 1400d5b48 (DecompileCallback)  
WARN  Decompiling 140079a60, pcode error at 1400d5b35: Unable to resolve constructor at 1400d5b35 (DecompileCallback)  
WARN  Decompiling 140079a60, pcode error at 1400d5a2a: Unable to resolve constructor at 1400d5a2a (DecompileCallback)  
WARN  Decompiling 14006f2c0: Unable to read bytes at ram:1ae74b8ef (DecompileCallback)  
WARN  Decompiling 14006f2c0: Unable to read bytes at ram:1ae74b8db (DecompileCallback)  
WARN  Decompiling 14006f2c0, pcode error at 1400d5a63: Unable to resolve constructor at 1400d5a63 (DecompileCallback)  
WARN  Decompiling 14006f2c0, pcode error at 1400d5a8a: Unable to resolve constructor at 1400d5a8a (DecompileCallback)  
WARN  Decompiling 14006f2c0, pcode error at 1400d5b37: Unable to resolve constructor at 1400d5b37 (DecompileCallback)  
WARN  Decompiling 14006f2c0, pcode error at 1400d5b98: Unable to resolve constructor at 1400d5b98 (DecompileCallback)  
WARN  Decompiling 14006f2c0, pcode error at 1400d5bc9: Unable to resolve constructor at 1400d5bc9 (DecompileCallback)  
WARN  Decompiling 14006f2c0, pcode error at 1400d5c84: Unable to resolve constructor at 1400d5c84 (DecompileCallback)  
WARN  Decompiling 14006f2c0, pcode error at 1400d5d04: Unable to resolve constructor at 1400d5d04 (DecompileCallback)  
WARN  Decompiling 14006f2c0, pcode error at 1400d5d60: Unable to resolve constructor at 1400d5d60 (DecompileCallback)  
WARN  Decompiling 14006f2c0, pcode error at 1400d5d5c: Unable to resolve constructor at 1400d5d5c (DecompileCallback)  
WARN  Decompiling 14006f2c0, pcode error at 1400d5dc8: Unable to resolve constructor at 1400d5dc8 (DecompileCallback)  
WARN  Decompiling 14006f2c0, pcode error at 1400d5d2d: Unable to resolve constructor at 1400d5d2d (DecompileCallback)  
WARN  Decompiling 14006f2c0, pcode error at 1400d5d9c: Unable to resolve constructor at 1400d5d9c (DecompileCallback)  
WARN  Decompiling 14006f2c0, pcode error at 1400d5e10: Unable to resolve constructor at 1400d5e10 (DecompileCallback)  
WARN  Decompiling 14006f2c0, pcode error at 1400d5e3c: Unable to resolve constructor at 1400d5e3c (DecompileCallback)  
WARN  Decompiling 14006f2c0, pcode error at 1400d5e60: Unable to resolve constructor at 1400d5e60 (DecompileCallback)  
WARN  Decompiling 14006f2c0, pcode error at 1400d5ed9: Unable to resolve constructor at 1400d5ed9 (DecompileCallback)  
WARN  Decompiling 140047780: Unable to read bytes at ram:1a980f6b2 (DecompileCallback)  
WARN  Decompiling 14006f2c0, pcode error at 1400d5e7d: Unable to resolve constructor at 1400d5e7d (DecompileCallback)  
WARN  Decompiling 14006f2c0, pcode error at 1400d5d87: Unable to resolve constructor at 1400d5d87 (DecompileCallback)  
WARN  Decompiling 14006f2c0, pcode error at 1400d5d4a: Unable to resolve constructor at 1400d5d4a (DecompileCallback)  
WARN  Decompiling 14006f2c0, pcode error at 1400d5db6: Unable to resolve constructor at 1400d5db6 (DecompileCallback)  
WARN  Decompiling 14006f2c0, pcode error at 1400d5cc0: Unable to resolve constructor at 1400d5cc0 (DecompileCallback)  
WARN  Decompiling 14006f2c0, pcode error at 1400d5d14: Unable to resolve constructor at 1400d5d14 (DecompileCallback)  
WARN  Decompiling 14006f2c0, pcode error at 1400d5bfe: Unable to resolve constructor at 1400d5bfe (DecompileCallback)  
WARN  Decompiling 14006f2c0, pcode error at 1400d5c70: Unable to resolve constructor at 1400d5c70 (DecompileCallback)  
WARN  Decompiling 14006f2c0, pcode error at 1400d5bd9: Unable to resolve constructor at 1400d5bd9 (DecompileCallback)  
WARN  Decompiling 14006f2c0, pcode error at 1400d5bcf: Unable to resolve constructor at 1400d5bcf (DecompileCallback)  
WARN  Decompiling 14006f2c0, pcode error at 1400d5b45: Unable to resolve constructor at 1400d5b45 (DecompileCallback)  
WARN  Decompiling 14006f2c0, pcode error at 1400d5bbd: Unable to resolve constructor at 1400d5bbd (DecompileCallback)  
WARN  Decompiling 14006f2c0, pcode error at 1400d5d79: Unable to resolve constructor at 1400d5d79 (DecompileCallback)  
WARN  Decompiling 14006f2c0, pcode error at 1400d5b48: Unable to resolve constructor at 1400d5b48 (DecompileCallback)  
WARN  Decompiling 14006f2c0, pcode error at 1400d5b35: Unable to resolve constructor at 1400d5b35 (DecompileCallback)  
WARN  Decompiling 14006f2c0, pcode error at 1400d5a2a: Unable to resolve constructor at 1400d5a2a (DecompileCallback)  
WARN  Decompiling 14006f2c0, pcode error at 1400d598f: Unable to resolve constructor at 1400d598f (DecompileCallback)  
WARN  Decompiling 14006f2c0, pcode error at 140078d34: Unable to resolve constructor at 140078d34 (DecompileCallback)  
WARN  Decompiling 14007c170: Unable to read bytes at ram:1a980cdde (DecompileCallback)  
WARN  Decompiling 14007c170, pcode error at 1400d6c8f: Unable to resolve constructor at 1400d6c8f (DecompileCallback)  
WARN  Decompiling 14007c170, pcode error at 14007b5e2: Unable to resolve constructor at 14007b5e2 (DecompileCallback)  
WARN  Decompiling 14004a480: Unable to read bytes at ram:1a980b49e (DecompileCallback)  
WARN  Decompiling 14004a480, pcode error at 14004967f: Unable to resolve constructor at 14004967f (DecompileCallback)  
WARN  Decompiling 14007c170: Unable to read bytes at ram:1a980cdf2 (DecompileCallback)  
WARN  Decompiling 14007c170, pcode error at 1400d6c97: Unable to resolve constructor at 1400d6c97 (DecompileCallback)  
WARN  Decompiling 14004a480: Unable to read bytes at ram:1a980b4b2 (DecompileCallback)  
INFO  -----------------------------------------------------
    ASCII Strings                              0.669 secs
    Apply Data Archives                        1.017 secs
    Call Convention ID                        21.267 secs
    Call-Fixup Installer                       0.104 secs
    Create Address Tables                      0.229 secs
    Create Address Tables - One Time           0.765 secs
    Create Function                            0.051 secs
    DWARF                                      0.417 secs
    Data Reference                             0.301 secs
    Decompiler Parameter ID                   27.593 secs
    Decompiler Switch Analysis                 3.355 secs
    Decompiler Switch Analysis - One Time     17.357 secs
    Demangler GNU                              6.912 secs
    Demangler Microsoft                        0.207 secs
    Disassemble Entry Points                   7.679 secs
    Disassemble Entry Points - One Time        0.013 secs
    Embedded Media                             0.027 secs
    External Entry References                  0.001 secs
    Function ID                                1.927 secs
    Function Start Search                      0.041 secs
    MinGW Relocations                          0.001 secs
    Non-Returning Functions - Discovered       1.602 secs
    Non-Returning Functions - Known            0.065 secs
    PDB Universal                              0.002 secs
    Reference                                  0.381 secs
    Scalar Operand References                  1.585 secs
    Shared Return Calls                        0.516 secs
    Stack                                     12.952 secs
    Subroutine References                      0.257 secs
    Subroutine References - One Time           0.008 secs
    WindowsResourceReference                   0.562 secs
    x86 Constant Reference Analyzer            9.516 secs
-----------------------------------------------------
     Total Time   117 secs
-----------------------------------------------------
 (AutoAnalysisManager)  
INFO  REPORT: Analysis succeeded for file: file:///C:/Users/chess/OneDrive/Escritorio/DesarrolloWeb/Bob Final/codearcheologist/work/24b698c8-d82b-4878-8920-3a85f7f9c194/input/binary.exe (HeadlessAnalyzer)  
INFO  REPORT: Execute script: CodeArchaeologistScript.java 'work\24b698c8-d82b-4878-8920-3a85f7f9c194\raw\ghidra.json' '20'  (HeadlessAnalyzer)  
INFO  SCRIPT: C:\Users\chess\OneDrive\Escritorio\DesarrolloWeb\Bob Final\codearcheologist\dist\modules\ghidra\scripts\CodeArchaeologistScript.java (HeadlessAnalyzer)  
INFO  CodeArchaeologistScript.java> CodeArchaeologistScript: outputPath=work\24b698c8-d82b-4878-8920-3a85f7f9c194\raw\ghidra.json maxFunctions=20 (GhidraScript)  
INFO  CodeArchaeologistScript.java> CodeArchaeologistScript: found 4257 functions (GhidraScript)  
INFO  CodeArchaeologistScript.java> CodeArchaeologistScript: output written to work\24b698c8-d82b-4878-8920-3a85f7f9c194\raw\ghidra.json (4257 functions, 20 decompiled) (GhidraScript)  
INFO  ANALYZING changes made by post scripts: file:///C:/Users/chess/OneDrive/Escritorio/DesarrolloWeb/Bob Final/codearcheologist/work/24b698c8-d82b-4878-8920-3a85f7f9c194/input/binary.exe (HeadlessAnalyzer)  
INFO  REPORT: Post-analysis succeeded for file: file:///C:/Users/chess/OneDrive/Escritorio/DesarrolloWeb/Bob Final/codearcheologist/work/24b698c8-d82b-4878-8920-3a85f7f9c194/input/binary.exe (HeadlessAnalyzer)  
INFO  /binary.exe: file created (chess) (LocalFileSystem)  
INFO  REPORT: Save succeeded for: /binary.exe (24b698c8-d82b-4878-8920-3a85f7f9c194:/binary.exe) (HeadlessAnalyzer)  
INFO  REPORT: Import succeeded (HeadlessAnalyzer)  
