INFO  Using log config file: jar:file:/C:/ghidra_12.1.4_PUBLIC_20260921/ghidra_12.1.4_PUBLIC/Ghidra/Framework/Generic/lib/Generic.jar!/generic.log4j.xml (LoggingInitialization)  
INFO  Using log file: C:\Users\chess\AppData\Roaming\ghidra\ghidra_12.1.4_PUBLIC\application.log (LoggingInitialization)  
INFO  Loading user preferences: C:\Users\chess\AppData\Roaming\ghidra\ghidra_12.1.4_PUBLIC\preferences (Preferences)  
INFO  Searching for classes... (ClassSearcher)  
INFO  Class search complete (1328 ms) (ClassSearcher)  
INFO  Initializing SSL Context (DefaultSSLContextInitializer)  
INFO  Initializing Random Number Generator... (SecureRandomFactory)  
INFO  Random Number Generator initialization complete: SHA1PRNG (SecureRandomFactory)  
INFO  Trust manager disabled, cacerts have not been set (DefaultTrustManagerFactory)  
INFO  Headless startup complete (4927 ms) (AnalyzeHeadless)  
INFO  Class searcher loaded 59 extension points (20 false positives) (ClassSearcher)  
INFO  HEADLESS Script Paths:
    C:\ghidra_12.1.4_PUBLIC_20260921\ghidra_12.1.4_PUBLIC\Ghidra\Features\BSim\ghidra_scripts
    C:\ghidra_12.1.4_PUBLIC_20260921\ghidra_12.1.4_PUBLIC\Ghidra\Debug\Debugger\ghidra_scripts
    C:\ghidra_12.1.4_PUBLIC_20260921\ghidra_12.1.4_PUBLIC\Ghidra\Processors\8051\ghidra_scripts
    C:\ghidra_12.1.4_PUBLIC_20260921\ghidra_12.1.4_PUBLIC\Ghidra\Processors\Atmel\ghidra_scripts
    C:\ghidra_12.1.4_PUBLIC_20260921\ghidra_12.1.4_PUBLIC\Ghidra\Features\DecompilerDependent\ghidra_scripts
    C:\ghidra_12.1.4_PUBLIC_20260921\ghidra_12.1.4_PUBLIC\Ghidra\Features\PyGhidra\ghidra_scripts
    C:\ghidra_12.1.4_PUBLIC_20260921\ghidra_12.1.4_PUBLIC\Ghidra\Processors\DATA\ghidra_scripts
    C:\ghidra_12.1.4_PUBLIC_20260921\ghidra_12.1.4_PUBLIC\Ghidra\Features\Base\ghidra_scripts
    C:\ghidra_12.1.4_PUBLIC_20260921\ghidra_12.1.4_PUBLIC\Ghidra\Features\MicrosoftCodeAnalyzer\ghidra_scripts
    C:\ghidra_12.1.4_PUBLIC_20260921\ghidra_12.1.4_PUBLIC\Ghidra\Features\FunctionID\ghidra_scripts
    C:\ghidra_12.1.4_PUBLIC_20260921\ghidra_12.1.4_PUBLIC\Ghidra\Processors\PIC\ghidra_scripts
    C:\ghidra_12.1.4_PUBLIC_20260921\ghidra_12.1.4_PUBLIC\Ghidra\Features\GnuDemangler\ghidra_scripts
    C:\ghidra_12.1.4_PUBLIC_20260921\ghidra_12.1.4_PUBLIC\Ghidra\Features\SwiftDemangler\ghidra_scripts
    C:\ghidra_12.1.4_PUBLIC_20260921\ghidra_12.1.4_PUBLIC\Ghidra\Features\VersionTracking\ghidra_scripts
    C:\ghidra_12.1.4_PUBLIC_20260921\ghidra_12.1.4_PUBLIC\Ghidra\Debug\Debugger-rmi-trace\ghidra_scripts
    C:\Users\chess\OneDrive\Escritorio\DesarrolloWeb\Bob Final\codearcheologist\dist\modules\ghidra\scripts
    C:\ghidra_12.1.4_PUBLIC_20260921\ghidra_12.1.4_PUBLIC\Ghidra\Features\FileFormats\ghidra_scripts
    C:\ghidra_12.1.4_PUBLIC_20260921\ghidra_12.1.4_PUBLIC\Ghidra\Features\WildcardAssembler\ghidra_scripts
    C:\ghidra_12.1.4_PUBLIC_20260921\ghidra_12.1.4_PUBLIC\Ghidra\Features\BytePatterns\ghidra_scripts
    C:\ghidra_12.1.4_PUBLIC_20260921\ghidra_12.1.4_PUBLIC\Ghidra\Features\Decompiler\ghidra_scripts
    C:\ghidra_12.1.4_PUBLIC_20260921\ghidra_12.1.4_PUBLIC\Ghidra\Features\PDB\ghidra_scripts
    C:\ghidra_12.1.4_PUBLIC_20260921\ghidra_12.1.4_PUBLIC\Ghidra\Processors\JVM\ghidra_scripts
    C:\ghidra_12.1.4_PUBLIC_20260921\ghidra_12.1.4_PUBLIC\Ghidra\Features\SystemEmulation\ghidra_scripts (HeadlessAnalyzer)  
INFO  HEADLESS: execution starts (HeadlessAnalyzer)  
INFO  Creating temporary project: C:\Users\chess\OneDrive\Escritorio\DesarrolloWeb\Bob Final\codearcheologist\work\5229f388-b66d-4a9d-acec-5a721e734d0f\ghidra-project\5229f388-b66d-4a9d-acec-5a721e734d0f (HeadlessAnalyzer)  
INFO  Creating project: C:\Users\chess\OneDrive\Escritorio\DesarrolloWeb\Bob Final\codearcheologist\work\5229f388-b66d-4a9d-acec-5a721e734d0f\ghidra-project\5229f388-b66d-4a9d-acec-5a721e734d0f (DefaultProject)  
INFO  REPORT: Processing input files:  (HeadlessAnalyzer)  
INFO       project: C:\Users\chess\OneDrive\Escritorio\DesarrolloWeb\Bob Final\codearcheologist\work\5229f388-b66d-4a9d-acec-5a721e734d0f\ghidra-project\5229f388-b66d-4a9d-acec-5a721e734d0f (HeadlessAnalyzer)  
INFO  IMPORTING: file:///C:/Users/chess/OneDrive/Escritorio/DesarrolloWeb/Bob Final/codearcheologist/work/5229f388-b66d-4a9d-acec-5a721e734d0f/input/binary.exe (HeadlessAnalyzer)  
INFO  Using Loader: Portable Executable (PE) (ProgramLoader)  
INFO  Using Language/Compiler: x86:LE:32:default:windows (ProgramLoader)  
INFO  Using Library Search Path: [., C:\WINDOWS\SysWOW64, C:\Users\chess\AppData\Local\Programs\Eclipse Adoptium\jdk-21.0.12.1+1\bin, C:\WINDOWS\Sun\Java\bin, C:\WINDOWS\system32, C:\WINDOWS, C:\Users\chess\OneDrive\Escritorio\DesarrolloWeb\Bob Final\codearcheologist\node_modules\.bin, C:\Users\chess\OneDrive\Escritorio\DesarrolloWeb\Bob Final\node_modules\.bin, C:\Users\chess\OneDrive\Escritorio\DesarrolloWeb\node_modules\.bin, C:\Users\chess\OneDrive\Escritorio\node_modules\.bin, C:\Users\chess\OneDrive\node_modules\.bin, C:\Users\chess\node_modules\.bin, C:\Users\node_modules\.bin, C:\node_modules\.bin, C:\Users\chess\AppData\Roaming\npm\node_modules\npm\node_modules\@npmcli\run-script\lib\node-gyp-bin, C:\Program Files (x86)\Common Files\Oracle\Java\java8path, C:\Program Files (x86)\Common Files\Oracle\Java\javapath, C:\WINDOWS\System32\Wbem, C:\WINDOWS\System32\WindowsPowerShell\v1.0\, C:\WINDOWS\System32\OpenSSH\, C:\Program Files\Microsoft SQL Server\150\Tools\Binn\, C:\Program Files\Microsoft SQL Server\Client SDK\ODBC\170\Tools\Binn\, C:\Program Files\dotnet\, C:\MinGW\bin, C:\Program Files\php-8.4.6-Win32-vs17-x64, C:\Program Files\Microsoft VS Code\bin, C:\ProgramData\ComposerSetup\bin, C:\Program Files (x86)\Microsoft SQL Server\160\Tools\Binn\, C:\Program Files\Microsoft SQL Server\160\Tools\Binn\, C:\Program Files\Microsoft SQL Server\160\DTS\Binn\, C:\Users\chess\AppData\Local\nvm, C:\nvm4w\nodejs, C:\Program Files\GitHub CLI\, C:\Program Files\Microsoft SQL Server\170\Tools\Binn\, C:\ghidra_12.1.4_PUBLIC_20260921\ghidra_12.1.4_PUBLIC, C:\ghidra_12.1.4_PUBLIC_20260921\ghidra_12.1.4_PUBLIC\support, C:\Users\chess\.local\bin, C:\Users\chess\AppData\Local\Programs\Python\Python311\Scripts, C:\Users\chess\AppData\Local\Programs\Python\Python311, C:\Users\chess\AppData\Local\Programs\Python\Launcher, C:\Users\chess\AppData\Local\Microsoft\WindowsApps, C:\Users\chess\.dotnet\tools, C:\Users\chess\AppData\Local\Programs\Microsoft VS Code\bin, C:\Program Files\JetBrains\IntelliJ IDEA 2024.2.3\bin, C:\Program Files\JetBrains\PhpStorm 2024.2.3\bin, C:\Users\chess\AppData\Roaming\Composer\vendor\bin, C:\rtools45, C:\Program Files\JetBrains\DataGrip 2025.1\bin, C:\Users\chess\AppData\Roaming\npm, C:\Users\chess\AppData\Local\Muse Hub\lib, C:\Users\chess\AppData\Local\Programs\Antigravity IDE\bin, C:\Users\chess\AppData\Local\Programs\IBM Bob\bin, C:\trivy_0.74.0_windows-64bit] (ProgramLoader)  
WARN  Skipping DataDirectory 'IMAGE_DIRECTORY_ENTRY_SECURITY'. RVA outside of image (RVA: 0x26ede78, Size: 0x2f20). Could be a file-only data directory. (SecurityDataDirectory)  
INFO  TLS callbacks at 47d2f0 (TLSDirectory)  
WARN  Invalid or missing function at 100754dc (ExportDataDirectory)  
INFO  TLS callbacks at 100057bc (TLSDirectory)  
INFO  TLS callbacks at 10006fe4 (TLSDirectory)  
WARN  Invalid or missing function at 1008ea38 (ExportDataDirectory)  
INFO  TLS callbacks at 100295f8 (TLSDirectory)  
WARN  Invalid or missing function at 105ebbac (ExportDataDirectory)  
INFO  TLS callbacks at 10002160 (TLSDirectory)  
WARN  Invalid or missing function at 100d76bc (ExportDataDirectory)  
INFO  Additional info:
Loading file:///C:/Users/chess/OneDrive/Escritorio/DesarrolloWeb/Bob Final/codearcheologist/work/5229f388-b66d-4a9d-acec-5a721e734d0f/input/binary.exe?MD5=1d4b1e8a958ee8354c3e66a17bc2a177...
------------------------------------------------

Searching 39 paths for library ADVAPI32.DLL...
Loading file:///C:/Windows/SysWOW64/advapi32.dll?MD5=bd14154cf16da806a109b60c14e4b712...
Using existing exports file: C:\Users\chess\AppData\Roaming\ghidra\ghidra_12.1.4_PUBLIC\symbols\win32\advapi32.exports
Library not saved to project.
------------------------------------------------

Searching 39 paths for library BCRYPT.DLL...
Loading file:///C:/Windows/SysWOW64/bcrypt.dll?MD5=900dc79331f5e0c3f5f2df895a8bec67...
[bcrypt.dll]: failed to create WEVTResource at 1001a4e0: Failed to resolve data length for WEVTResource
Using existing exports file: C:\Users\chess\AppData\Roaming\ghidra\ghidra_12.1.4_PUBLIC\symbols\win32\bcrypt.exports
Library not saved to project.
------------------------------------------------

Searching 39 paths for library COMCTL32.DLL...
Loading file:///C:/Windows/SysWOW64/comctl32.dll?MD5=a19d57953ec5f48772f24bad3b51dcac...
Using existing exports file: C:\Users\chess\AppData\Roaming\ghidra\ghidra_12.1.4_PUBLIC\symbols\win32\comctl32.exports
Library not saved to project.
------------------------------------------------

Searching 39 paths for library GDI32.DLL...
Loading file:///C:/Windows/SysWOW64/gdi32.dll?MD5=37002dbb23f87dae9ebd7dd7b5051995...
Using existing exports file: C:\Users\chess\AppData\Roaming\ghidra\ghidra_12.1.4_PUBLIC\symbols\win32\gdi32.exports
Library not saved to project.
------------------------------------------------

Searching 39 paths for library KERNEL32.DLL...
Loading file:///C:/Windows/SysWOW64/kernel32.dll?MD5=7180141a89985451fec9e096fc1e64a9...
Using existing exports file: C:\Users\chess\AppData\Roaming\ghidra\ghidra_12.1.4_PUBLIC\symbols\win32\kernel32.exports
Library not saved to project.
------------------------------------------------

Searching 39 paths for library OLE32.DLL...
Loading file:///C:/Windows/SysWOW64/ole32.dll?MD5=f7d0fee5e134a50a125c3e41a68bf646...
[ole32.dll]: failed to create WEVTResource at 10139740: Failed to resolve data length for WEVTResource
Using existing exports file: C:\Users\chess\AppData\Roaming\ghidra\ghidra_12.1.4_PUBLIC\symbols\win32\ole32.exports
Library not saved to project.
------------------------------------------------

Searching 39 paths for library OLEAUT32.DLL...
Loading file:///C:/Windows/SysWOW64/oleaut32.dll?MD5=e6bbb4eefacdda667ee95436a6e49d58...
Using existing exports file: C:\Users\chess\AppData\Roaming\ghidra\ghidra_12.1.4_PUBLIC\symbols\win32\oleaut32.exports
Library not saved to project.
------------------------------------------------

Searching 39 paths for library SETUPAPI.DLL...
Loading file:///C:/Windows/SysWOW64/setupapi.dll?MD5=e5bb88da91ce62ea97947d8b241675b3...
[setupapi.dll]: failed to create WEVTResource at 1043ce20: Failed to resolve data length for WEVTResource
Using existing exports file: C:\Users\chess\AppData\Roaming\ghidra\ghidra_12.1.4_PUBLIC\symbols\win32\setupapi.exports
Library not saved to project.
------------------------------------------------

Searching 39 paths for library SHELL32.DLL...
Loading file:///C:/Windows/SysWOW64/shell32.dll?MD5=347ac97d43e76943fd2c880017b39051...
Using existing exports file: C:\Users\chess\AppData\Roaming\ghidra\ghidra_12.1.4_PUBLIC\symbols\win32\shell32.exports
Library not saved to project.
------------------------------------------------

Searching 39 paths for library SHLWAPI.DLL...
Loading file:///C:/Windows/SysWOW64/shlwapi.dll?MD5=3e7fd15e679d902061701550fe7e24e0...
Using existing exports file: C:\Users\chess\AppData\Roaming\ghidra\ghidra_12.1.4_PUBLIC\symbols\win32\shlwapi.exports
Library not saved to project.
------------------------------------------------

Searching 39 paths for library USER32.DLL...
Loading file:///C:/Windows/SysWOW64/user32.dll?MD5=f6c0cb8b1debf964a0ab5330cca718e6...
[user32.dll]: failed to create WEVTResource at 100f5a70: Failed to resolve data length for WEVTResource
Using existing exports file: C:\Users\chess\AppData\Roaming\ghidra\ghidra_12.1.4_PUBLIC\symbols\win32\user32.exports
Library not saved to project.
------------------------------------------------

Searching 39 paths for library WINTRUST.DLL...
Loading file:///C:/Windows/SysWOW64/wintrust.dll?MD5=3489e2c5bdf2290a61d8065f7933e76d...
Using existing exports file: C:\Users\chess\AppData\Roaming\ghidra\ghidra_12.1.4_PUBLIC\symbols\win32\wintrust.exports
Library not saved to project.
------------------------------------------------

Applying C:\Users\chess\AppData\Roaming\ghidra\ghidra_12.1.4_PUBLIC\symbols\win32\kernel32.exports
Applying C:\Users\chess\AppData\Roaming\ghidra\ghidra_12.1.4_PUBLIC\symbols\win32\user32.exports
Applying C:\Users\chess\AppData\Roaming\ghidra\ghidra_12.1.4_PUBLIC\symbols\win32\gdi32.exports
Applying C:\Users\chess\AppData\Roaming\ghidra\ghidra_12.1.4_PUBLIC\symbols\win32\advapi32.exports
Applying C:\Users\chess\AppData\Roaming\ghidra\ghidra_12.1.4_PUBLIC\symbols\win32\shell32.exports
Applying C:\Users\chess\AppData\Roaming\ghidra\ghidra_12.1.4_PUBLIC\symbols\win32\ole32.exports
Applying C:\Users\chess\AppData\Roaming\ghidra\ghidra_12.1.4_PUBLIC\symbols\win32\oleaut32.exports
Applying C:\Users\chess\AppData\Roaming\ghidra\ghidra_12.1.4_PUBLIC\symbols\win32\shlwapi.exports
Applying C:\Users\chess\AppData\Roaming\ghidra\ghidra_12.1.4_PUBLIC\symbols\win32\setupapi.exports
Applying C:\Users\chess\AppData\Roaming\ghidra\ghidra_12.1.4_PUBLIC\symbols\win32\wintrust.exports
Applying C:\Users\chess\AppData\Roaming\ghidra\ghidra_12.1.4_PUBLIC\symbols\win32\comctl32.exports
Applying C:\Users\chess\AppData\Roaming\ghidra\ghidra_12.1.4_PUBLIC\symbols\win32\bcrypt.exports
Linking the External Programs of 'binary.exe' to imported libraries...
  [KERNEL32.DLL] -> not found in project
  [USER32.DLL] -> not found in project
  [GDI32.DLL] -> not found in project
  [ADVAPI32.DLL] -> not found in project
  [SHELL32.DLL] -> not found in project
  [OLE32.DLL] -> not found in project
  [OLEAUT32.DLL] -> not found in project
  [SHLWAPI.DLL] -> not found in project
  [SETUPAPI.DLL] -> not found in project
  [WINTRUST.DLL] -> not found in project
  [COMCTL32.DLL] -> not found in project
  [BCRYPT.DLL] -> not found in project
------------------------------------------------

 (ProgramLoader)  
INFO  IMPORTING: Loaded 0 additional files (HeadlessAnalyzer)  
INFO  ANALYZING all memory and code: file:///C:/Users/chess/OneDrive/Escritorio/DesarrolloWeb/Bob Final/codearcheologist/work/5229f388-b66d-4a9d-acec-5a721e734d0f/input/binary.exe (HeadlessAnalyzer)  
WARN  Ignoring leading '_' chars on no-return name '___raise_securityfailure' specified in file: C:\ghidra_12.1.4_PUBLIC_20260921\ghidra_12.1.4_PUBLIC\Ghidra\Features\Base\data\PEFunctionsThatDoNotReturn (NoReturnFunctionAnalyzer)  
WARN  Ignoring leading '_' chars on no-return name '___report_rangecheckfailure' specified in file: C:\ghidra_12.1.4_PUBLIC_20260921\ghidra_12.1.4_PUBLIC\Ghidra\Features\Base\data\PEFunctionsThatDoNotReturn (NoReturnFunctionAnalyzer)  
INFO  Skipping PDB processing: failed to locate PDB file in configured locations (PdbUniversalAnalyzer)  
INFO  Use a script to set the PDB file location. I.e.,
    PdbAnalyzer.setPdbFileOption(currentProgram, new File("/path/to/pdb/file.pdb")); or
    PdbUniversalAnalyzer.setPdbFileOption(currentProgram, new File("/path/to/pdb/file.pdb"));
Or set the symbol server search configuration using:    PdbPlugin.saveSymbolServerServiceConfig(...);
 This must be done using a pre-script (prior to analysis). (PdbUniversalAnalyzer)  
INFO  Packed database cache: C:\Users\chess\AppData\Local\ghidra\packed-db-cache (PackedDatabaseCache)  
INFO  Applied data type archive: windows_vs12_32 (ApplyDataArchiveAnalyzer)  
INFO  Applied data type archive: windows_vs12_32 (ApplyDataArchiveAnalyzer)  
INFO  -----------------------------------------------------
    ASCII Strings                              1.786 secs
    Apply Data Archives                        1.172 secs
    Call Convention ID                         0.063 secs
    Call-Fixup Installer                       0.093 secs
    Create Address Tables                      0.324 secs
    Create Address Tables - One Time           0.202 secs
    Create Function                            1.206 secs
    Data Reference                             0.326 secs
    Decompiler Switch Analysis                15.034 secs
    Demangler Microsoft                        0.371 secs
    Disassemble                                0.041 secs
    Disassemble Entry Points                   7.340 secs
    Embedded Media                             1.086 secs
    External Entry References                  0.000 secs
    Function ID                                4.295 secs
    Function Start Pre Search                  0.070 secs
    Function Start Search                      0.350 secs
    Function Start Search After Code           0.102 secs
    Function Start Search After Data           0.249 secs
    Function Start Search delayed - One Time   0.002 secs
    Non-Returning Functions - Discovered       2.881 secs
    Non-Returning Functions - Known            0.035 secs
    PDB Universal                              0.054 secs
    Reference                                  0.653 secs
    Scalar Operand References                  1.481 secs
    Shared Return Calls                        0.643 secs
    Stack                                     12.179 secs
    Subroutine References                      0.427 secs
    Subroutine References - One Time           0.033 secs
    Windows x86 PE Exception Handling          6.163 secs
    Windows x86 PE RTTI Analyzer               1.903 secs
    Windows x86 Thread Environment Block (TEB) Analyzer     0.043 secs
    WindowsResourceReference                  18.084 secs
    X86 Function Callee Purge                  0.165 secs
    x86 Constant Reference Analyzer            8.199 secs
-----------------------------------------------------
     Total Time   87 secs
-----------------------------------------------------
 (AutoAnalysisManager)  
INFO  REPORT: Analysis succeeded for file: file:///C:/Users/chess/OneDrive/Escritorio/DesarrolloWeb/Bob Final/codearcheologist/work/5229f388-b66d-4a9d-acec-5a721e734d0f/input/binary.exe (HeadlessAnalyzer)  
INFO  REPORT: Execute script: CodeArchaeologistScript.java 'work\5229f388-b66d-4a9d-acec-5a721e734d0f\raw\ghidra.json' '20'  (HeadlessAnalyzer)  
ERROR CodeArchaeologistScript.java:30: error: cannot find symbol
        if (args == null || args.length < 2) {
            ^
  symbol:   variable args
  location: class CodeArchaeologistScript
CodeArchaeologistScript.java:30: error: cannot find symbol
        if (args == null || args.length < 2) {
                            ^
  symbol:   variable args
  location: class CodeArchaeologistScript
CodeArchaeologistScript.java:32: error: cannot find symbol
            printerr("  Got " + (args == null ? "null" : args.length) + " argument(s)");
                                 ^
  symbol:   variable args
  location: class CodeArchaeologistScript
CodeArchaeologistScript.java:32: error: cannot find symbol
            printerr("  Got " + (args == null ? "null" : args.length) + " argument(s)");
                                                         ^
  symbol:   variable args
  location: class CodeArchaeologistScript
CodeArchaeologistScript.java:36: error: cannot find symbol
        String outputPath = args[0];
                            ^
  symbol:   variable args
  location: class CodeArchaeologistScript
CodeArchaeologistScript.java:39: error: cannot find symbol
            maxFunctions = Integer.parseInt(args[1]);
                                            ^
  symbol:   variable args
  location: class CodeArchaeologistScript
CodeArchaeologistScript.java:42: error: cannot find symbol
            printerr("CodeArchaeologistScript: args[1] must be a positive integer, got: " + args[1]);
                                                                                            ^
  symbol:   variable args
  location: class CodeArchaeologistScript
CodeArchaeologistScript.java:165: error: cannot find symbol
                for (ghidra.program.model.scalar.Scalar scalar : instr.getScalarObjects()) {
                                                                      ^
  symbol:   method getScalarObjects()
  location: variable instr of type ghidra.program.model.listing.Instruction
skipping C:\Users\chess\OneDrive\Escritorio\DesarrolloWeb\Bob Final\codearcheologist\dist\modules\ghidra\scripts\CodeArchaeologistScript.java
 (HeadlessAnalyzer)  
ERROR REPORT SCRIPT ERROR: CodeArchaeologistScript.java : The class could not be found. It must be the public class of the .java file: CodeArchaeologistScript not found by fca2ab89 [2] (HeadlessAnalyzer) ghidra.app.script.GhidraScriptLoadException: The class could not be found. It must be the public class of the .java file: CodeArchaeologistScript not found by fca2ab89 [2]
	at ghidra.app.script.JavaScriptProvider.getScriptInstance(JavaScriptProvider.java:114)
	at ghidra.app.util.headless.HeadlessAnalyzer.runScriptsList(HeadlessAnalyzer.java:917)
	at ghidra.app.util.headless.HeadlessAnalyzer.analyzeProgram(HeadlessAnalyzer.java:1093)
	at ghidra.app.util.headless.HeadlessAnalyzer.processFileWithImport(HeadlessAnalyzer.java:1591)
	at ghidra.app.util.headless.HeadlessAnalyzer.processWithLoader(HeadlessAnalyzer.java:1751)
	at ghidra.app.util.headless.HeadlessAnalyzer.processWithImport(HeadlessAnalyzer.java:1692)
	at ghidra.app.util.headless.HeadlessAnalyzer.processWithImport(HeadlessAnalyzer.java:1776)
	at ghidra.app.util.headless.HeadlessAnalyzer.processLocal(HeadlessAnalyzer.java:452)
	at ghidra.app.util.headless.AnalyzeHeadless.launch(AnalyzeHeadless.java:199)
	at ghidra.GhidraLauncher.launch(GhidraLauncher.java:81)
	at ghidra.Ghidra.main(Ghidra.java:54)
Caused by: java.lang.ClassNotFoundException: CodeArchaeologistScript not found by fca2ab89 [2]
	at org.apache.felix.framework.BundleWiringImpl.findClassOrResourceByDelegation(BundleWiringImpl.java:1591)
	at org.apache.felix.framework.BundleWiringImpl.access$300(BundleWiringImpl.java:79)
	at org.apache.felix.framework.BundleWiringImpl$BundleClassLoader.loadClass(BundleWiringImpl.java:1976)
	at java.base/java.lang.ClassLoader.loadClass(ClassLoader.java:526)
	at org.apache.felix.framework.Felix.loadBundleClass(Felix.java:2116)
	at org.apache.felix.framework.BundleImpl.loadClass(BundleImpl.java:986)
	at ghidra.app.script.JavaScriptProvider.loadClass(JavaScriptProvider.java:166)
	at ghidra.app.script.JavaScriptProvider.getScriptInstance(JavaScriptProvider.java:97)
	... 10 more
 
INFO  ANALYZING changes made by post scripts: file:///C:/Users/chess/OneDrive/Escritorio/DesarrolloWeb/Bob Final/codearcheologist/work/5229f388-b66d-4a9d-acec-5a721e734d0f/input/binary.exe (HeadlessAnalyzer)  
INFO  REPORT: Post-analysis succeeded for file: file:///C:/Users/chess/OneDrive/Escritorio/DesarrolloWeb/Bob Final/codearcheologist/work/5229f388-b66d-4a9d-acec-5a721e734d0f/input/binary.exe (HeadlessAnalyzer)  
INFO  /binary.exe: file created (chess) (LocalFileSystem)  
INFO  REPORT: Save succeeded for: /binary.exe (5229f388-b66d-4a9d-acec-5a721e734d0f:/binary.exe) (HeadlessAnalyzer)  
INFO  REPORT: Import succeeded (HeadlessAnalyzer)  
